#
# There is insufficient memory for the Java Runtime Environment to continue.
# Native memory allocation (mmap) failed to map 125829120 bytes for G1 virtual space
# Possible reasons:
#   The system is out of physical RAM or swap space
#   The process is running with CompressedOops enabled, and the Java Heap may be blocking the growth of the native heap
# Possible solutions:
#   Reduce memory load on the system
#   Increase physical memory or swap space
#   Check if swap backing store is full
#   Decrease Java heap size (-Xmx/-Xms)
#   Decrease number of Java threads
#   Decrease Java thread stack sizes (-Xss)
#   Set larger code cache with -XX:ReservedCodeCacheSize=
#   JVM is running with Unscaled Compressed Oops mode in which the Java heap is
#     placed in the first 4GB address space. The Java Heap base address is the
#     maximum limit for the native heap growth. Please use -XX:HeapBaseMinAddress
#     to set the Java Heap base and to place the Java Heap above 4GB virtual address.
# This output file may be truncated or incomplete.
#
#  Out of Memory Error (os_windows.cpp:3604), pid=60660, tid=103928
#
# JRE version: Java(TM) SE Runtime Environment (21.0.11+9) (build 21.0.11+9-LTS-211)
# Java VM: Java HotSpot(TM) 64-Bit Server VM (21.0.11+9-LTS-211, mixed mode, emulated-client, sharing, tiered, compressed oops, compressed class ptrs, g1 gc, windows-amd64)
# No core dump will be written. Minidumps are not enabled by default on client versions of Windows
#

---------------  S U M M A R Y ------------

Command Line: -XX:TieredStopAtLevel=1 -Dspring.output.ansi.enabled=always -Dcom.sun.management.jmxremote -Dspring.jmx.enabled=true -Dspring.liveBeansView.mbeanDomain -Dspring.application.admin.enabled=true -Dmanagement.endpoints.jmx.exposure.include=* -javaagent:C:\Program Files\JetBrains\IntelliJ IDEA 2026.2.0.1\Intelij\IntelliJ IDEA 2026.2.0.1\lib\idea_rt.jar=57463 -Dfile.encoding=UTF-8 -Dsun.stdout.encoding=UTF-8 -Dsun.stderr.encoding=UTF-8 com.devicecare360.booking.BookingServiceApplication

Host: Intel(R) Core(TM) i7-8550U CPU @ 1.80GHz, 8 cores, 7G,  Windows 11 , 64 bit Build 26100 (10.0.26100.9168)
Time: Tue Aug 25 11:56:42 2026 Sri Lanka Standard Time elapsed time: 66059.780163 seconds (0d 18h 20m 59s)

---------------  T H R E A D  ---------------

Current thread (0x00000218eee011d0):  VMThread "VM Thread"          [id=103928, stack(0x00000023d2700000,0x00000023d2800000) (1024K)]

Stack: [0x00000023d2700000,0x00000023d2800000]
Native frames: (J=compiled Java code, j=interpreted, Vv=VM code, C=native code)
V  [jvm.dll+0x6d0ef9]
V  [jvm.dll+0x860126]
V  [jvm.dll+0x86261e]
V  [jvm.dll+0x862cf3]
V  [jvm.dll+0x282bc6]
V  [jvm.dll+0x6cd7a5]
V  [jvm.dll+0x6c232a]
V  [jvm.dll+0x35bfb8]
V  [jvm.dll+0x363c76]
V  [jvm.dll+0x3b4d8e]
V  [jvm.dll+0x3b5038]
V  [jvm.dll+0x32fa6c]
V  [jvm.dll+0x32fafa]
V  [jvm.dll+0x373fc2]
V  [jvm.dll+0x37274d]
V  [jvm.dll+0x32f1b1]
V  [jvm.dll+0x371daa]
V  [jvm.dll+0x8689ef]
V  [jvm.dll+0x869d7c]
V  [jvm.dll+0x86a2b1]
V  [jvm.dll+0x86a553]
V  [jvm.dll+0x80ac0d]
V  [jvm.dll+0x6cf79d]
C  [ucrtbase.dll+0x2cd30]
C  [KERNEL32.DLL+0x2ccb7]
C  [ntdll.dll+0xaad6c]

VM_Operation (0x00000023d49fe3a0): G1CollectForAllocation, mode: safepoint, requested by thread 0x00000218f568c410


---------------  P R O C E S S  ---------------

Threads class SMR info:
_java_thread_list=0x00000218f6ca7db0, length=46, elements={
0x00000218eee1f530, 0x00000218eee1ff90, 0x00000218eee23400, 0x00000218eee24600,
0x00000218eee271b0, 0x00000218eee2c770, 0x00000218eee28710, 0x00000218f317a6e0,
0x00000218f3727540, 0x00000218f3975d80, 0x00000218f3a85000, 0x00000218f45c77b0,
0x00000218f45c7e40, 0x00000218f45ca5a0, 0x00000218f45c84d0, 0x00000218f45c8b60,
0x00000218f568e4e0, 0x00000218f568c410, 0x00000218f568caa0, 0x00000218f568de50,
0x00000218f568bd80, 0x00000218f568d130, 0x00000218f568d7c0, 0x00000218f568b060,
0x00000218f568b6f0, 0x00000218f64419e0, 0x00000218f6441350, 0x00000218f6440630,
0x00000218f6442070, 0x00000218f6442d90, 0x00000218f6443420, 0x00000218f6443ab0,
0x00000218f6444140, 0x00000218f6440cc0, 0x00000218f64447d0, 0x00000218f6444e60,
0x00000218f64454f0, 0x00000218f64468a0, 0x00000218f64475c0, 0x00000218f6445b80,
0x00000218f6446210, 0x00000218f6446f30, 0x00000218f6b7f3d0, 0x00000218f6b7fa60,
0x00000218f6b7e6b0, 0x00000218f6b800f0
}

Java Threads: ( => current thread )
  0x00000218eee1f530 JavaThread "Reference Handler"          daemon [_thread_blocked, id=75192, stack(0x00000023d2800000,0x00000023d2900000) (1024K)]
  0x00000218eee1ff90 JavaThread "Finalizer"                  daemon [_thread_blocked, id=74496, stack(0x00000023d2900000,0x00000023d2a00000) (1024K)]
  0x00000218eee23400 JavaThread "Signal Dispatcher"          daemon [_thread_blocked, id=64948, stack(0x00000023d2a00000,0x00000023d2b00000) (1024K)]
  0x00000218eee24600 JavaThread "Attach Listener"            daemon [_thread_blocked, id=36580, stack(0x00000023d2b00000,0x00000023d2c00000) (1024K)]
  0x00000218eee271b0 JavaThread "Service Thread"             daemon [_thread_blocked, id=10616, stack(0x00000023d2c00000,0x00000023d2d00000) (1024K)]
  0x00000218eee2c770 JavaThread "Monitor Deflation Thread"   daemon [_thread_blocked, id=5416, stack(0x00000023d2d00000,0x00000023d2e00000) (1024K)]
  0x00000218eee28710 JavaThread "C1 CompilerThread0"         daemon [_thread_blocked, id=83800, stack(0x00000023d2e00000,0x00000023d2f00000) (1024K)]
  0x00000218f317a6e0 JavaThread "Common-Cleaner"             daemon [_thread_blocked, id=83724, stack(0x00000023d3100000,0x00000023d3200000) (1024K)]
  0x00000218f3727540 JavaThread "Notification Thread"        daemon [_thread_blocked, id=81804, stack(0x00000023d3300000,0x00000023d3400000) (1024K)]
  0x00000218f3975d80 JavaThread "RMI TCP Accept-0"           daemon [_thread_in_native, id=89532, stack(0x00000023d3400000,0x00000023d3500000) (1024K)]
  0x00000218f3a85000 JavaThread "RMI Scheduler(0)"           daemon [_thread_blocked, id=84360, stack(0x00000023d3800000,0x00000023d3900000) (1024K)]
  0x00000218f45c77b0 JavaThread "Catalina-utility-1"                [_thread_blocked, id=41240, stack(0x00000023d3700000,0x00000023d3800000) (1024K)]
  0x00000218f45c7e40 JavaThread "Catalina-utility-2"                [_thread_blocked, id=101944, stack(0x00000023d4300000,0x00000023d4400000) (1024K)]
  0x00000218f45ca5a0 JavaThread "container-0"                       [_thread_blocked, id=73280, stack(0x00000023d4400000,0x00000023d4500000) (1024K)]
  0x00000218f45c84d0 JavaThread "Jndi-Dns-address-change-listener" daemon [_thread_in_native, id=98596, stack(0x00000023d4500000,0x00000023d4600000) (1024K)]
  0x00000218f45c8b60 JavaThread "BufferPoolPruner-1-thread-1" daemon [_thread_blocked, id=86568, stack(0x00000023d4600000,0x00000023d4700000) (1024K)]
  0x00000218f568e4e0 JavaThread "cluster-ClusterId{value='6a8c33baaac7873846b26760', description='Cluster0'}-ac-yqlk21k-shard-00-01.sfssdaq.mongodb.net:27017" daemon [_thread_in_native, id=88464, stack(0x00000023d4800000,0x00000023d4900000) (1024K)]
  0x00000218f568c410 JavaThread "cluster-rtt-ClusterId{value='6a8c33baaac7873846b26760', description='Cluster0'}-ac-yqlk21k-shard-00-01.sfssdaq.mongodb.net:27017" daemon [_thread_blocked, id=88196, stack(0x00000023d4900000,0x00000023d4a00000) (1024K)]
  0x00000218f568caa0 JavaThread "cluster-ClusterId{value='6a8c33baaac7873846b26760', description='Cluster0'}-ac-yqlk21k-shard-00-00.sfssdaq.mongodb.net:27017" daemon [_thread_in_native, id=87744, stack(0x00000023d4a00000,0x00000023d4b00000) (1024K)]
  0x00000218f568de50 JavaThread "cluster-rtt-ClusterId{value='6a8c33baaac7873846b26760', description='Cluster0'}-ac-yqlk21k-shard-00-00.sfssdaq.mongodb.net:27017" daemon [_thread_blocked, id=75360, stack(0x00000023d4b00000,0x00000023d4c00000) (1024K)]
  0x00000218f568bd80 JavaThread "cluster-ClusterId{value='6a8c33baaac7873846b26760', description='Cluster0'}-ac-yqlk21k-shard-00-02.sfssdaq.mongodb.net:27017" daemon [_thread_in_native, id=91540, stack(0x00000023d4c00000,0x00000023d4d00000) (1024K)]
  0x00000218f568d130 JavaThread "cluster-rtt-ClusterId{value='6a8c33baaac7873846b26760', description='Cluster0'}-ac-yqlk21k-shard-00-02.sfssdaq.mongodb.net:27017" daemon [_thread_blocked, id=102604, stack(0x00000023d4d00000,0x00000023d4e00000) (1024K)]
  0x00000218f568d7c0 JavaThread "MaintenanceTimer-3-thread-1" daemon [_thread_blocked, id=107484, stack(0x00000023d4f00000,0x00000023d5000000) (1024K)]
  0x00000218f568b060 JavaThread "MaintenanceTimer-4-thread-1" daemon [_thread_blocked, id=308440, stack(0x00000023d5000000,0x00000023d5100000) (1024K)]
  0x00000218f568b6f0 JavaThread "MaintenanceTimer-2-thread-1" daemon [_thread_blocked, id=101540, stack(0x00000023d5100000,0x00000023d5200000) (1024K)]
  0x00000218f64419e0 JavaThread "spring.cloud.inetutils"     daemon [_thread_blocked, id=94492, stack(0x00000023d5400000,0x00000023d5500000) (1024K)]
  0x00000218f6441350 JavaThread "AsyncResolver-bootstrap-0"  daemon [_thread_blocked, id=57860, stack(0x00000023d3000000,0x00000023d3100000) (1024K)]
  0x00000218f6440630 JavaThread "DiscoveryClient-0"          daemon [_thread_blocked, id=81584, stack(0x00000023d4100000,0x00000023d4200000) (1024K)]
  0x00000218f6442070 JavaThread "DiscoveryClient-1"          daemon [_thread_blocked, id=94736, stack(0x00000023d5500000,0x00000023d5600000) (1024K)]
  0x00000218f6442d90 JavaThread "DiscoveryClient-InstanceInfoReplicator-0" daemon [_thread_blocked, id=37264, stack(0x00000023d5600000,0x00000023d5700000) (1024K)]
  0x00000218f6443420 JavaThread "http-nio-8087-exec-1"       daemon [_thread_blocked, id=93796, stack(0x00000023d5700000,0x00000023d5800000) (1024K)]
  0x00000218f6443ab0 JavaThread "http-nio-8087-exec-2"       daemon [_thread_blocked, id=89416, stack(0x00000023d5800000,0x00000023d5900000) (1024K)]
  0x00000218f6444140 JavaThread "http-nio-8087-exec-3"       daemon [_thread_blocked, id=82620, stack(0x00000023d5900000,0x00000023d5a00000) (1024K)]
  0x00000218f6440cc0 JavaThread "http-nio-8087-exec-4"       daemon [_thread_blocked, id=100064, stack(0x00000023d5a00000,0x00000023d5b00000) (1024K)]
  0x00000218f64447d0 JavaThread "http-nio-8087-exec-5"       daemon [_thread_blocked, id=103816, stack(0x00000023d5b00000,0x00000023d5c00000) (1024K)]
  0x00000218f6444e60 JavaThread "http-nio-8087-exec-6"       daemon [_thread_blocked, id=90224, stack(0x00000023d5c00000,0x00000023d5d00000) (1024K)]
  0x00000218f64454f0 JavaThread "http-nio-8087-exec-7"       daemon [_thread_blocked, id=86036, stack(0x00000023d5d00000,0x00000023d5e00000) (1024K)]
  0x00000218f64468a0 JavaThread "http-nio-8087-exec-8"       daemon [_thread_blocked, id=74536, stack(0x00000023d5e00000,0x00000023d5f00000) (1024K)]
  0x00000218f64475c0 JavaThread "http-nio-8087-exec-9"       daemon [_thread_blocked, id=96416, stack(0x00000023d5f00000,0x00000023d6000000) (1024K)]
  0x00000218f6445b80 JavaThread "http-nio-8087-exec-10"      daemon [_thread_blocked, id=102212, stack(0x00000023d6000000,0x00000023d6100000) (1024K)]
  0x00000218f6446210 JavaThread "http-nio-8087-Poller"       daemon [_thread_in_native, id=280412, stack(0x00000023d6100000,0x00000023d6200000) (1024K)]
  0x00000218f6446f30 JavaThread "http-nio-8087-Acceptor"     daemon [_thread_in_native, id=48224, stack(0x00000023d6200000,0x00000023d6300000) (1024K)]
  0x00000218f6b7f3d0 JavaThread "DestroyJavaVM"                     [_thread_blocked, id=37572, stack(0x00000023d2000000,0x00000023d2100000) (1024K)]
  0x00000218f6b7fa60 JavaThread "DiscoveryClient-CacheRefreshExecutor-0" daemon [_thread_blocked, id=97856, stack(0x00000023d1d00000,0x00000023d1e00000) (1024K)]
  0x00000218f6b7e6b0 JavaThread "DiscoveryClient-HeartbeatExecutor-0" daemon [_thread_blocked, id=69096, stack(0x00000023d1e00000,0x00000023d1f00000) (1024K)]
  0x00000218f6b800f0 JavaThread "AsyncResolver-bootstrap-executor-0" daemon [_thread_blocked, id=106640, stack(0x00000023d2f00000,0x00000023d3000000) (1024K)]
Total: 46

Other Threads:
=>0x00000218eee011d0 VMThread "VM Thread"                           [id=103928, stack(0x00000023d2700000,0x00000023d2800000) (1024K)]
  0x00000218eede42d0 WatcherThread "VM Periodic Task Thread"        [id=101936, stack(0x00000023d2600000,0x00000023d2700000) (1024K)]
  0x00000218de714430 WorkerThread "GC Thread#0"                     [id=98860, stack(0x00000023d2100000,0x00000023d2200000) (1024K)]
  0x00000218f3aa3270 WorkerThread "GC Thread#1"                     [id=89264, stack(0x00000023d3a00000,0x00000023d3b00000) (1024K)]
  0x00000218f3aa39d0 WorkerThread "GC Thread#2"                     [id=103692, stack(0x00000023d3b00000,0x00000023d3c00000) (1024K)]
  0x00000218f3aa2760 WorkerThread "GC Thread#3"                     [id=99100, stack(0x00000023d3c00000,0x00000023d3d00000) (1024K)]
  0x00000218f3aa3620 WorkerThread "GC Thread#4"                     [id=84228, stack(0x00000023d3d00000,0x00000023d3e00000) (1024K)]
  0x00000218f3aa2b10 WorkerThread "GC Thread#5"                     [id=99296, stack(0x00000023d3e00000,0x00000023d3f00000) (1024K)]
  0x00000218f3aa2ec0 WorkerThread "GC Thread#6"                     [id=49832, stack(0x00000023d3f00000,0x00000023d4000000) (1024K)]
  0x00000218f3aa3d80 WorkerThread "GC Thread#7"                     [id=102424, stack(0x00000023d4000000,0x00000023d4100000) (1024K)]
  0x00000218de724ef0 ConcurrentGCThread "G1 Main Marker"            [id=73932, stack(0x00000023d2200000,0x00000023d2300000) (1024K)]
  0x00000218de725910 WorkerThread "G1 Conc#0"                       [id=100268, stack(0x00000023d2300000,0x00000023d2400000) (1024K)]
  0x00000218f3b31990 WorkerThread "G1 Conc#1"                       [id=92504, stack(0x00000023d4200000,0x00000023d4300000) (1024K)]
  0x00000218eecb3990 ConcurrentGCThread "G1 Refine#0"               [id=55016, stack(0x00000023d2400000,0x00000023d2500000) (1024K)]
  0x00000218eecb5970 ConcurrentGCThread "G1 Service"                [id=73468, stack(0x00000023d2500000,0x00000023d2600000) (1024K)]
Total: 15

Threads with active compile tasks:
Total: 0

VM state: at safepoint (normal execution)

VM Mutex/Monitor currently owned by a thread:  ([mutex/lock_event])
[0x00007ffbfa88af50] Threads_lock - owner thread: 0x00000218eee011d0
[0x00007ffbfa88b050] Heap_lock - owner thread: 0x00000218f568c410

Heap address: 0x0000000082200000, size: 2014 MB, Compressed Oops mode: 32-bit

CDS archive(s) mapped at: [0x0000021880000000-0x0000021880c90000-0x0000021880c90000), size 13172736, SharedBaseAddress: 0x0000021880000000, ArchiveRelocationMode: 1.
Compressed class space mapped at: 0x0000021881000000-0x00000218c1000000, reserved size: 1073741824
Narrow klass base: 0x0000021880000000, Narrow klass shift: 0, Narrow klass range: 0x100000000

GC Precious Log:
 CardTable entry size: 512
 Card Set container configuration: InlinePtr #cards 5 size 8 Array Of Cards #cards 12 size 40 Howl #buckets 4 coarsen threshold 1843 Howl Bitmap #cards 512 size 80 coarsen threshold 460 Card regions per heap region 1 cards per card region 2048
 CPUs: 8 total, 8 available
 Memory: 8051M
 Large Page Support: Disabled
 NUMA Support: Disabled
 Compressed Oops: Enabled (32-bit)
 Heap Region Size: 1M
 Heap Min Capacity: 8M
 Heap Initial Capacity: 126M
 Heap Max Capacity: 2014M
 Pre-touch: Disabled
 Parallel Workers: 8
 Concurrent Workers: 2
 Concurrent Refinement Workers: 8
 Periodic GC: Disabled

Heap:
 garbage-first heap   total 129024K, used 40964K [0x0000000082200000, 0x0000000100000000)
  region size 1024K, 1 young (1024K), 1 survivors (1024K)
 Metaspace       used 66410K, committed 68096K, reserved 1114112K
  class space    used 9309K, committed 9984K, reserved 1048576K

Heap Regions: E=young(eden), S=young(survivor), O=old, HS=humongous(starts), HC=humongous(continues), CS=collection set, F=free, TAMS=top-at-mark-start, PB=parsable bottom
|   0|0x0000000082200000, 0x0000000082300000, 0x0000000082300000|100%|HS|  |TAMS 0x0000000082200000| PB 0x0000000082200000| Complete 
|   1|0x0000000082300000, 0x0000000082400000, 0x0000000082400000|100%| O|  |TAMS 0x0000000082300000| PB 0x0000000082300000| Untracked 
|   2|0x0000000082400000, 0x0000000082500000, 0x0000000082500000|100%| O|  |TAMS 0x0000000082400000| PB 0x0000000082400000| Untracked 
|   3|0x0000000082500000, 0x0000000082600000, 0x0000000082600000|100%| O|  |TAMS 0x0000000082500000| PB 0x0000000082500000| Untracked 
|   4|0x0000000082600000, 0x0000000082700000, 0x0000000082700000|100%| O|  |TAMS 0x0000000082600000| PB 0x0000000082600000| Untracked 
|   5|0x0000000082700000, 0x0000000082800000, 0x0000000082800000|100%| O|  |TAMS 0x0000000082700000| PB 0x0000000082700000| Untracked 
|   6|0x0000000082800000, 0x0000000082900000, 0x0000000082900000|100%| O|  |TAMS 0x0000000082800000| PB 0x0000000082800000| Untracked 
|   7|0x0000000082900000, 0x0000000082a00000, 0x0000000082a00000|100%| O|  |TAMS 0x0000000082900000| PB 0x0000000082900000| Untracked 
|   8|0x0000000082a00000, 0x0000000082b00000, 0x0000000082b00000|100%| O|  |TAMS 0x0000000082a00000| PB 0x0000000082a00000| Untracked 
|   9|0x0000000082b00000, 0x0000000082c00000, 0x0000000082c00000|100%| O|  |TAMS 0x0000000082b00000| PB 0x0000000082b00000| Untracked 
|  10|0x0000000082c00000, 0x0000000082d00000, 0x0000000082d00000|100%| O|  |TAMS 0x0000000082c00000| PB 0x0000000082c00000| Untracked 
|  11|0x0000000082d00000, 0x0000000082e00000, 0x0000000082e00000|100%| O|  |TAMS 0x0000000082d00000| PB 0x0000000082d00000| Untracked 
|  12|0x0000000082e00000, 0x0000000082f00000, 0x0000000082f00000|100%| O|  |TAMS 0x0000000082e00000| PB 0x0000000082e00000| Untracked 
|  13|0x0000000082f00000, 0x0000000082f74da0, 0x0000000083000000| 45%| O|  |TAMS 0x0000000082f00000| PB 0x0000000082f00000| Untracked 
|  14|0x0000000083000000, 0x0000000083100000, 0x0000000083100000|100%| O|  |TAMS 0x0000000083000000| PB 0x0000000083000000| Untracked 
|  15|0x0000000083100000, 0x0000000083200000, 0x0000000083200000|100%| O|  |TAMS 0x0000000083100000| PB 0x0000000083100000| Untracked 
|  16|0x0000000083200000, 0x0000000083300000, 0x0000000083300000|100%| O|  |TAMS 0x0000000083200000| PB 0x0000000083200000| Untracked 
|  17|0x0000000083300000, 0x0000000083400000, 0x0000000083400000|100%| O|  |TAMS 0x0000000083300000| PB 0x0000000083300000| Untracked 
|  18|0x0000000083400000, 0x0000000083500000, 0x0000000083500000|100%| O|  |TAMS 0x0000000083400000| PB 0x0000000083400000| Untracked 
|  19|0x0000000083500000, 0x0000000083600000, 0x0000000083600000|100%| O|  |TAMS 0x0000000083500000| PB 0x0000000083500000| Untracked 
|  20|0x0000000083600000, 0x0000000083700000, 0x0000000083700000|100%| O|  |TAMS 0x0000000083600000| PB 0x0000000083600000| Untracked 
|  21|0x0000000083700000, 0x0000000083800000, 0x0000000083800000|100%| O|  |TAMS 0x0000000083700000| PB 0x0000000083700000| Untracked 
|  22|0x0000000083800000, 0x0000000083900000, 0x0000000083900000|100%| O|  |TAMS 0x0000000083800000| PB 0x0000000083800000| Untracked 
|  23|0x0000000083900000, 0x0000000083a00000, 0x0000000083a00000|100%| O|  |TAMS 0x0000000083900000| PB 0x0000000083900000| Untracked 
|  24|0x0000000083a00000, 0x0000000083b00000, 0x0000000083b00000|100%| O|  |TAMS 0x0000000083a00000| PB 0x0000000083a00000| Untracked 
|  25|0x0000000083b00000, 0x0000000083c00000, 0x0000000083c00000|100%| O|  |TAMS 0x0000000083b00000| PB 0x0000000083b00000| Untracked 
|  26|0x0000000083c00000, 0x0000000083d00000, 0x0000000083d00000|100%| O|  |TAMS 0x0000000083c00000| PB 0x0000000083c00000| Untracked 
|  27|0x0000000083d00000, 0x0000000083e00000, 0x0000000083e00000|100%| O|  |TAMS 0x0000000083d00000| PB 0x0000000083d00000| Untracked 
|  28|0x0000000083e00000, 0x0000000083f00000, 0x0000000083f00000|100%| O|  |TAMS 0x0000000083e00000| PB 0x0000000083e00000| Untracked 
|  29|0x0000000083f00000, 0x0000000084000000, 0x0000000084000000|100%| O|  |TAMS 0x0000000083f00000| PB 0x0000000083f00000| Untracked 
|  30|0x0000000084000000, 0x0000000084100000, 0x0000000084100000|100%| O|  |TAMS 0x0000000084000000| PB 0x0000000084000000| Untracked 
|  31|0x0000000084100000, 0x0000000084100000, 0x0000000084200000|  0%| F|  |TAMS 0x0000000084100000| PB 0x0000000084100000| Untracked 
|  32|0x0000000084200000, 0x0000000084300000, 0x0000000084300000|100%| O|  |TAMS 0x0000000084200000| PB 0x0000000084200000| Untracked 
|  33|0x0000000084300000, 0x0000000084400000, 0x0000000084400000|100%| O|  |TAMS 0x0000000084300000| PB 0x0000000084300000| Untracked 
|  34|0x0000000084400000, 0x0000000084500000, 0x0000000084500000|100%| O|  |TAMS 0x0000000084400000| PB 0x0000000084400000| Untracked 
|  35|0x0000000084500000, 0x0000000084500000, 0x0000000084600000|  0%| F|  |TAMS 0x0000000084500000| PB 0x0000000084500000| Untracked 
|  36|0x0000000084600000, 0x0000000084700000, 0x0000000084700000|100%| O|  |TAMS 0x0000000084600000| PB 0x0000000084600000| Untracked 
|  37|0x0000000084700000, 0x0000000084800000, 0x0000000084800000|100%| O|  |TAMS 0x0000000084700000| PB 0x0000000084700000| Untracked 
|  38|0x0000000084800000, 0x0000000084800000, 0x0000000084900000|  0%| F|  |TAMS 0x0000000084800000| PB 0x0000000084800000| Untracked 
|  39|0x0000000084900000, 0x0000000084900000, 0x0000000084a00000|  0%| F|  |TAMS 0x0000000084900000| PB 0x0000000084900000| Untracked 
|  40|0x0000000084a00000, 0x0000000084b00000, 0x0000000084b00000|100%| O|  |TAMS 0x0000000084a00000| PB 0x0000000084a00000| Untracked 
|  41|0x0000000084b00000, 0x0000000084c00000, 0x0000000084c00000|100%| O|  |TAMS 0x0000000084b00000| PB 0x0000000084b00000| Untracked 
|  42|0x0000000084c00000, 0x0000000084c00000, 0x0000000084d00000|  0%| F|  |TAMS 0x0000000084c00000| PB 0x0000000084c00000| Untracked 
|  43|0x0000000084d00000, 0x0000000084e00000, 0x0000000084e00000|100%| O|  |TAMS 0x0000000084d00000| PB 0x0000000084d00000| Untracked 
|  44|0x0000000084e00000, 0x0000000084e00000, 0x0000000084f00000|  0%| F|  |TAMS 0x0000000084e00000| PB 0x0000000084e00000| Untracked 
|  45|0x0000000084f00000, 0x0000000085000000, 0x0000000085000000|100%| O|  |TAMS 0x0000000084f00000| PB 0x0000000084f00000| Untracked 
|  46|0x0000000085000000, 0x0000000085000000, 0x0000000085100000|  0%| F|  |TAMS 0x0000000085000000| PB 0x0000000085000000| Untracked 
|  47|0x0000000085100000, 0x0000000085100000, 0x0000000085200000|  0%| F|  |TAMS 0x0000000085100000| PB 0x0000000085100000| Untracked 
|  48|0x0000000085200000, 0x0000000085200000, 0x0000000085300000|  0%| F|  |TAMS 0x0000000085200000| PB 0x0000000085200000| Untracked 
|  49|0x0000000085300000, 0x0000000085300000, 0x0000000085400000|  0%| F|  |TAMS 0x0000000085300000| PB 0x0000000085300000| Untracked 
|  50|0x0000000085400000, 0x0000000085400000, 0x0000000085500000|  0%| F|  |TAMS 0x0000000085400000| PB 0x0000000085400000| Untracked 
|  51|0x0000000085500000, 0x0000000085500000, 0x0000000085600000|  0%| F|  |TAMS 0x0000000085500000| PB 0x0000000085500000| Untracked 
|  52|0x0000000085600000, 0x0000000085600000, 0x0000000085700000|  0%| F|  |TAMS 0x0000000085600000| PB 0x0000000085600000| Untracked 
|  53|0x0000000085700000, 0x0000000085700000, 0x0000000085800000|  0%| F|  |TAMS 0x0000000085700000| PB 0x0000000085700000| Untracked 
|  54|0x0000000085800000, 0x0000000085800000, 0x0000000085900000|  0%| F|  |TAMS 0x0000000085800000| PB 0x0000000085800000| Untracked 
|  55|0x0000000085900000, 0x0000000085900000, 0x0000000085a00000|  0%| F|  |TAMS 0x0000000085900000| PB 0x0000000085900000| Untracked 
|  56|0x0000000085a00000, 0x0000000085a00000, 0x0000000085b00000|  0%| F|  |TAMS 0x0000000085a00000| PB 0x0000000085a00000| Untracked 
|  57|0x0000000085b00000, 0x0000000085b00000, 0x0000000085c00000|  0%| F|  |TAMS 0x0000000085b00000| PB 0x0000000085b00000| Untracked 
|  58|0x0000000085c00000, 0x0000000085c00000, 0x0000000085d00000|  0%| F|  |TAMS 0x0000000085c00000| PB 0x0000000085c00000| Untracked 
|  59|0x0000000085d00000, 0x0000000085d00000, 0x0000000085e00000|  0%| F|  |TAMS 0x0000000085d00000| PB 0x0000000085d00000| Untracked 
|  60|0x0000000085e00000, 0x0000000085e00000, 0x0000000085f00000|  0%| F|  |TAMS 0x0000000085e00000| PB 0x0000000085e00000| Untracked 
|  61|0x0000000085f00000, 0x0000000085f00000, 0x0000000086000000|  0%| F|  |TAMS 0x0000000085f00000| PB 0x0000000085f00000| Untracked 
|  62|0x0000000086000000, 0x0000000086000000, 0x0000000086100000|  0%| F|  |TAMS 0x0000000086000000| PB 0x0000000086000000| Untracked 
|  63|0x0000000086100000, 0x0000000086100000, 0x0000000086200000|  0%| F|  |TAMS 0x0000000086100000| PB 0x0000000086100000| Untracked 
|  64|0x0000000086200000, 0x0000000086200000, 0x0000000086300000|  0%| F|  |TAMS 0x0000000086200000| PB 0x0000000086200000| Untracked 
|  65|0x0000000086300000, 0x0000000086300000, 0x0000000086400000|  0%| F|  |TAMS 0x0000000086300000| PB 0x0000000086300000| Untracked 
|  66|0x0000000086400000, 0x0000000086400000, 0x0000000086500000|  0%| F|  |TAMS 0x0000000086400000| PB 0x0000000086400000| Untracked 
|  67|0x0000000086500000, 0x0000000086500000, 0x0000000086600000|  0%| F|  |TAMS 0x0000000086500000| PB 0x0000000086500000| Untracked 
|  68|0x0000000086600000, 0x0000000086600000, 0x0000000086700000|  0%| F|  |TAMS 0x0000000086600000| PB 0x0000000086600000| Untracked 
|  69|0x0000000086700000, 0x0000000086700000, 0x0000000086800000|  0%| F|  |TAMS 0x0000000086700000| PB 0x0000000086700000| Untracked 
|  70|0x0000000086800000, 0x0000000086800000, 0x0000000086900000|  0%| F|  |TAMS 0x0000000086800000| PB 0x0000000086800000| Untracked 
|  71|0x0000000086900000, 0x0000000086900000, 0x0000000086a00000|  0%| F|  |TAMS 0x0000000086900000| PB 0x0000000086900000| Untracked 
|  72|0x0000000086a00000, 0x0000000086a00000, 0x0000000086b00000|  0%| F|  |TAMS 0x0000000086a00000| PB 0x0000000086a00000| Untracked 
|  73|0x0000000086b00000, 0x0000000086b00000, 0x0000000086c00000|  0%| F|  |TAMS 0x0000000086b00000| PB 0x0000000086b00000| Untracked 
|  74|0x0000000086c00000, 0x0000000086c00000, 0x0000000086d00000|  0%| F|  |TAMS 0x0000000086c00000| PB 0x0000000086c00000| Untracked 
|  75|0x0000000086d00000, 0x0000000086d00000, 0x0000000086e00000|  0%| F|  |TAMS 0x0000000086d00000| PB 0x0000000086d00000| Untracked 
|  76|0x0000000086e00000, 0x0000000086e00000, 0x0000000086f00000|  0%| F|  |TAMS 0x0000000086e00000| PB 0x0000000086e00000| Untracked 
|  77|0x0000000086f00000, 0x0000000086f00000, 0x0000000087000000|  0%| F|  |TAMS 0x0000000086f00000| PB 0x0000000086f00000| Untracked 
|  78|0x0000000087000000, 0x0000000087000000, 0x0000000087100000|  0%| F|  |TAMS 0x0000000087000000| PB 0x0000000087000000| Untracked 
|  79|0x0000000087100000, 0x0000000087100000, 0x0000000087200000|  0%| F|  |TAMS 0x0000000087100000| PB 0x0000000087100000| Untracked 
|  80|0x0000000087200000, 0x0000000087200000, 0x0000000087300000|  0%| F|  |TAMS 0x0000000087200000| PB 0x0000000087200000| Untracked 
|  81|0x0000000087300000, 0x0000000087300000, 0x0000000087400000|  0%| F|  |TAMS 0x0000000087300000| PB 0x0000000087300000| Untracked 
|  82|0x0000000087400000, 0x0000000087400000, 0x0000000087500000|  0%| F|  |TAMS 0x0000000087400000| PB 0x0000000087400000| Untracked 
|  83|0x0000000087500000, 0x0000000087500000, 0x0000000087600000|  0%| F|  |TAMS 0x0000000087500000| PB 0x0000000087500000| Untracked 
|  84|0x0000000087600000, 0x0000000087600000, 0x0000000087700000|  0%| F|  |TAMS 0x0000000087600000| PB 0x0000000087600000| Untracked 
|  85|0x0000000087700000, 0x0000000087700000, 0x0000000087800000|  0%| F|  |TAMS 0x0000000087700000| PB 0x0000000087700000| Untracked 
|  86|0x0000000087800000, 0x0000000087800000, 0x0000000087900000|  0%| F|  |TAMS 0x0000000087800000| PB 0x0000000087800000| Untracked 
|  87|0x0000000087900000, 0x0000000087900000, 0x0000000087a00000|  0%| F|  |TAMS 0x0000000087900000| PB 0x0000000087900000| Untracked 
|  88|0x0000000087a00000, 0x0000000087a00000, 0x0000000087b00000|  0%| F|  |TAMS 0x0000000087a00000| PB 0x0000000087a00000| Untracked 
|  89|0x0000000087b00000, 0x0000000087b00000, 0x0000000087c00000|  0%| F|  |TAMS 0x0000000087b00000| PB 0x0000000087b00000| Untracked 
|  90|0x0000000087c00000, 0x0000000087c00000, 0x0000000087d00000|  0%| F|  |TAMS 0x0000000087c00000| PB 0x0000000087c00000| Untracked 
|  91|0x0000000087d00000, 0x0000000087d00000, 0x0000000087e00000|  0%| F|  |TAMS 0x0000000087d00000| PB 0x0000000087d00000| Untracked 
|  92|0x0000000087e00000, 0x0000000087e00000, 0x0000000087f00000|  0%| F|  |TAMS 0x0000000087e00000| PB 0x0000000087e00000| Untracked 
|  93|0x0000000087f00000, 0x0000000087f00000, 0x0000000088000000|  0%| F|  |TAMS 0x0000000087f00000| PB 0x0000000087f00000| Untracked 
|  94|0x0000000088000000, 0x0000000088000000, 0x0000000088100000|  0%| F|  |TAMS 0x0000000088000000| PB 0x0000000088000000| Untracked 
|  95|0x0000000088100000, 0x0000000088100000, 0x0000000088200000|  0%| F|  |TAMS 0x0000000088100000| PB 0x0000000088100000| Untracked 
|  96|0x0000000088200000, 0x0000000088200000, 0x0000000088300000|  0%| F|  |TAMS 0x0000000088200000| PB 0x0000000088200000| Untracked 
|  97|0x0000000088300000, 0x0000000088300000, 0x0000000088400000|  0%| F|  |TAMS 0x0000000088300000| PB 0x0000000088300000| Untracked 
|  98|0x0000000088400000, 0x0000000088400000, 0x0000000088500000|  0%| F|  |TAMS 0x0000000088400000| PB 0x0000000088400000| Untracked 
|  99|0x0000000088500000, 0x0000000088500000, 0x0000000088600000|  0%| F|  |TAMS 0x0000000088500000| PB 0x0000000088500000| Untracked 
| 100|0x0000000088600000, 0x0000000088600000, 0x0000000088700000|  0%| F|  |TAMS 0x0000000088600000| PB 0x0000000088600000| Untracked 
| 101|0x0000000088700000, 0x0000000088700000, 0x0000000088800000|  0%| F|  |TAMS 0x0000000088700000| PB 0x0000000088700000| Untracked 
| 102|0x0000000088800000, 0x0000000088800000, 0x0000000088900000|  0%| F|  |TAMS 0x0000000088800000| PB 0x0000000088800000| Untracked 
| 103|0x0000000088900000, 0x0000000088900000, 0x0000000088a00000|  0%| F|  |TAMS 0x0000000088900000| PB 0x0000000088900000| Untracked 
| 104|0x0000000088a00000, 0x0000000088a00000, 0x0000000088b00000|  0%| F|  |TAMS 0x0000000088a00000| PB 0x0000000088a00000| Untracked 
| 105|0x0000000088b00000, 0x0000000088b00000, 0x0000000088c00000|  0%| F|  |TAMS 0x0000000088b00000| PB 0x0000000088b00000| Untracked 
| 106|0x0000000088c00000, 0x0000000088c00000, 0x0000000088d00000|  0%| F|  |TAMS 0x0000000088c00000| PB 0x0000000088c00000| Untracked 
| 107|0x0000000088d00000, 0x0000000088d00000, 0x0000000088e00000|  0%| F|  |TAMS 0x0000000088d00000| PB 0x0000000088d00000| Untracked 
| 108|0x0000000088e00000, 0x0000000088e00000, 0x0000000088f00000|  0%| F|  |TAMS 0x0000000088e00000| PB 0x0000000088e00000| Untracked 
| 109|0x0000000088f00000, 0x0000000088f00000, 0x0000000089000000|  0%| F|  |TAMS 0x0000000088f00000| PB 0x0000000088f00000| Untracked 
| 110|0x0000000089000000, 0x0000000089000000, 0x0000000089100000|  0%| F|  |TAMS 0x0000000089000000| PB 0x0000000089000000| Untracked 
| 111|0x0000000089100000, 0x0000000089100000, 0x0000000089200000|  0%| F|  |TAMS 0x0000000089100000| PB 0x0000000089100000| Untracked 
| 112|0x0000000089200000, 0x0000000089200000, 0x0000000089300000|  0%| F|  |TAMS 0x0000000089200000| PB 0x0000000089200000| Untracked 
| 113|0x0000000089300000, 0x000000008938c2e0, 0x0000000089400000| 54%| S|CS|TAMS 0x0000000089300000| PB 0x0000000089300000| Complete 
| 114|0x0000000089400000, 0x0000000089400000, 0x0000000089500000|  0%| F|  |TAMS 0x0000000089400000| PB 0x0000000089400000| Untracked 
| 115|0x0000000089500000, 0x0000000089500000, 0x0000000089600000|  0%| F|  |TAMS 0x0000000089500000| PB 0x0000000089500000| Untracked 
| 116|0x0000000089600000, 0x0000000089600000, 0x0000000089700000|  0%| F|  |TAMS 0x0000000089600000| PB 0x0000000089600000| Untracked 
| 117|0x0000000089700000, 0x0000000089700000, 0x0000000089800000|  0%| F|  |TAMS 0x0000000089700000| PB 0x0000000089700000| Untracked 
| 118|0x0000000089800000, 0x0000000089800000, 0x0000000089900000|  0%| F|  |TAMS 0x0000000089800000| PB 0x0000000089800000| Untracked 
| 119|0x0000000089900000, 0x0000000089900000, 0x0000000089a00000|  0%| F|  |TAMS 0x0000000089900000| PB 0x0000000089900000| Untracked 
| 120|0x0000000089a00000, 0x0000000089a00000, 0x0000000089b00000|  0%| F|  |TAMS 0x0000000089a00000| PB 0x0000000089a00000| Untracked 
| 121|0x0000000089b00000, 0x0000000089b00000, 0x0000000089c00000|  0%| F|  |TAMS 0x0000000089b00000| PB 0x0000000089b00000| Untracked 
| 122|0x0000000089c00000, 0x0000000089c00000, 0x0000000089d00000|  0%| F|  |TAMS 0x0000000089c00000| PB 0x0000000089c00000| Untracked 
| 123|0x0000000089d00000, 0x0000000089d00000, 0x0000000089e00000|  0%| F|  |TAMS 0x0000000089d00000| PB 0x0000000089d00000| Untracked 
| 124|0x0000000089e00000, 0x0000000089e00000, 0x0000000089f00000|  0%| F|  |TAMS 0x0000000089e00000| PB 0x0000000089e00000| Untracked 
| 125|0x0000000089f00000, 0x0000000089f00000, 0x000000008a000000|  0%| F|  |TAMS 0x0000000089f00000| PB 0x0000000089f00000| Untracked 

Card table byte_map: [0x00000218ea060000,0x00000218ea450000] _byte_map_base: 0x00000218e9c4f000

Marking Bits: (CMBitMap*) 0x00000218de714a50
 Bits: [0x00000218ea450000, 0x00000218ec3c8000)

Polling page: 0x00000218dc820000

Metaspace:

Usage:
  Non-class:     55.76 MB used.
      Class:      9.09 MB used.
       Both:     64.85 MB used.

Virtual space:
  Non-class space:       64.00 MB reserved,      56.75 MB ( 89%) committed,  1 nodes.
      Class space:        1.00 GB reserved,       9.75 MB ( <1%) committed,  1 nodes.
             Both:        1.06 GB reserved,      66.50 MB (  6%) committed. 

Chunk freelists:
   Non-Class:  7.84 MB
       Class:  6.62 MB
        Both:  14.46 MB

MaxMetaspaceSize: unlimited
CompressedClassSpaceSize: 1.00 GB
Initial GC threshold: 21.00 MB
Current GC threshold: 110.88 MB
CDS: on
 - commit_granule_bytes: 65536.
 - commit_granule_words: 8192.
 - virtual_space_node_default_size: 8388608.
 - enlarge_chunks_in_place: 1.
 - use_allocation_guard: 0.


Internal statistics:

num_allocs_failed_limit: 3.
num_arena_births: 1704.
num_arena_deaths: 770.
num_vsnodes_births: 2.
num_vsnodes_deaths: 0.
num_space_committed: 1064.
num_space_uncommitted: 0.
num_chunks_returned_to_freelist: 906.
num_chunks_taken_from_freelist: 4185.
num_chunk_merges: 227.
num_chunk_splits: 2726.
num_chunks_enlarged: 1923.
num_inconsistent_stats: 0.

CodeCache: size=49152Kb used=14852Kb max_used=18372Kb free=34299Kb
 bounds [0x00000218e6b60000, 0x00000218e7da0000, 0x00000218e9b60000]
 total_blobs=8671 nmethods=7968 adapters=626
 compilation: enabled
              stopped_count=0, restarted_count=0
 full_count=0

Compilation events (20 events):
Event: 65822.953 Thread 0x00000218eee28710 nmethod 10691 0x00000218e73eed90 code [0x00000218e73eef60, 0x00000218e73ef130]
Event: 65822.953 Thread 0x00000218eee28710 10688       1       java.lang.Class::getEnclosingMethodInfo (20 bytes)
Event: 65822.956 Thread 0x00000218eee28710 nmethod 10688 0x00000218e7303610 code [0x00000218e73037e0, 0x00000218e73039a0]
Event: 65822.956 Thread 0x00000218eee28710 10689       1       com.fasterxml.jackson.databind.cfg.MapperConfigBase::getDefaultVisibilityChecker (67 bytes)
Event: 65822.962 Thread 0x00000218f6c98c10 nmethod 10687 0x00000218e7667a90 code [0x00000218e7667ca0, 0x00000218e76681b8]
Event: 65822.964 Thread 0x00000218f6c98c10 10690       1       com.fasterxml.jackson.databind.introspect.JacksonAnnotationIntrospector::findAutoDetectVisibility (27 bytes)
Event: 65822.974 Thread 0x00000218f6c98c10 nmethod 10690 0x00000218e743d210 code [0x00000218e743d3e0, 0x00000218e743d5c0]
Event: 65822.979 Thread 0x00000218eee28710 nmethod 10689 0x00000218e6ff2b90 code [0x00000218e6ff2da0, 0x00000218e6ff31a0]
Event: 65844.987 Thread 0x00000218eee28710 10692       1       org.springframework.util.ConcurrentLruCache::get (65 bytes)
Event: 65845.023 Thread 0x00000218eee28710 nmethod 10692 0x00000218e72c3810 code [0x00000218e72c3a40, 0x00000218e72c3dc0]
Event: 65845.026 Thread 0x00000218eee28710 10693       1       com.fasterxml.jackson.core.json.JsonReadContext::createChildArrayContext (62 bytes)
Event: 65845.031 Thread 0x00000218eee28710 nmethod 10693 0x00000218e7037090 code [0x00000218e7037260, 0x00000218e7037540]
Event: 65845.032 Thread 0x00000218eee28710 10694       1       com.fasterxml.jackson.databind.deser.std.CollectionDeserializer::deserialize (7 bytes)
Event: 65845.034 Thread 0x00000218eee28710 nmethod 10694 0x00000218e7103590 code [0x00000218e7103740, 0x00000218e7103828]
Event: 65913.443 Thread 0x00000218eee28710 10699       1       com.mongodb.internal.connection.DefaultConnectionPool$BackgroundMaintenanceManager$$Lambda/0x00000218817394b0::run (8 bytes)
Event: 65913.445 Thread 0x00000218eee28710 nmethod 10699 0x00000218e7109310 code [0x00000218e71094c0, 0x00000218e71095b0]
Event: 65930.792 Thread 0x00000218eee28710 10700       1       java.lang.reflect.Field::getOverrideFieldAccessor (18 bytes)
Event: 65930.825 Thread 0x00000218eee28710 nmethod 10700 0x00000218e72f3c10 code [0x00000218e72f3dc0, 0x00000218e72f3eb0]
Event: 65930.831 Thread 0x00000218eee28710 10701       1       java.util.HashMap$HashMapSpliterator::getFence (53 bytes)
Event: 65930.831 Thread 0x00000218eee28710 nmethod 10701 0x00000218e711fb90 code [0x00000218e711fd20, 0x00000218e711fe28]

GC Heap History (20 events):
Event: 14398.749 GC heap after
{Heap after GC invocations=33 (full 0):
 garbage-first heap   total 89088K, used 42139K [0x0000000082200000, 0x0000000100000000)
  region size 1024K, 1 young (1024K), 1 survivors (1024K)
 Metaspace       used 66438K, committed 68096K, reserved 1114112K
  class space    used 9314K, committed 9984K, reserved 1048576K
}
Event: 65189.847 GC heap before
{Heap before GC invocations=33 (full 0):
 garbage-first heap   total 89088K, used 45211K [0x0000000082200000, 0x0000000100000000)
  region size 1024K, 4 young (4096K), 1 survivors (1024K)
 Metaspace       used 66451K, committed 68096K, reserved 1114112K
  class space    used 9318K, committed 9984K, reserved 1048576K
}
Event: 65194.672 GC heap after
{Heap after GC invocations=34 (full 0):
 garbage-first heap   total 89088K, used 42089K [0x0000000082200000, 0x0000000100000000)
  region size 1024K, 1 young (1024K), 1 survivors (1024K)
 Metaspace       used 66451K, committed 68096K, reserved 1114112K
  class space    used 9318K, committed 9984K, reserved 1048576K
}
Event: 65203.383 GC heap before
{Heap before GC invocations=34 (full 0):
 garbage-first heap   total 89088K, used 45161K [0x0000000082200000, 0x0000000100000000)
  region size 1024K, 4 young (4096K), 1 survivors (1024K)
 Metaspace       used 66451K, committed 68096K, reserved 1114112K
  class space    used 9318K, committed 9984K, reserved 1048576K
}
Event: 65203.954 GC heap after
{Heap after GC invocations=35 (full 0):
 garbage-first heap   total 89088K, used 41924K [0x0000000082200000, 0x0000000100000000)
  region size 1024K, 1 young (1024K), 1 survivors (1024K)
 Metaspace       used 66451K, committed 68096K, reserved 1114112K
  class space    used 9318K, committed 9984K, reserved 1048576K
}
Event: 65276.390 GC heap before
{Heap before GC invocations=35 (full 0):
 garbage-first heap   total 89088K, used 43972K [0x0000000082200000, 0x0000000100000000)
  region size 1024K, 4 young (4096K), 1 survivors (1024K)
 Metaspace       used 66466K, committed 68096K, reserved 1114112K
  class space    used 9322K, committed 9984K, reserved 1048576K
}
Event: 65276.755 GC heap after
{Heap after GC invocations=36 (full 0):
 garbage-first heap   total 89088K, used 42498K [0x0000000082200000, 0x0000000100000000)
  region size 1024K, 1 young (1024K), 1 survivors (1024K)
 Metaspace       used 66466K, committed 68096K, reserved 1114112K
  class space    used 9322K, committed 9984K, reserved 1048576K
}
Event: 65372.718 GC heap before
{Heap before GC invocations=36 (full 0):
 garbage-first heap   total 89088K, used 45570K [0x0000000082200000, 0x0000000100000000)
  region size 1024K, 4 young (4096K), 1 survivors (1024K)
 Metaspace       used 66354K, committed 68096K, reserved 1114112K
  class space    used 9296K, committed 9984K, reserved 1048576K
}
Event: 65373.004 GC heap after
{Heap after GC invocations=37 (full 0):
 garbage-first heap   total 89088K, used 42570K [0x0000000082200000, 0x0000000100000000)
  region size 1024K, 1 young (1024K), 1 survivors (1024K)
 Metaspace       used 66354K, committed 68096K, reserved 1114112K
  class space    used 9296K, committed 9984K, reserved 1048576K
}
Event: 65487.622 GC heap before
{Heap before GC invocations=38 (full 0):
 garbage-first heap   total 89088K, used 45642K [0x0000000082200000, 0x0000000100000000)
  region size 1024K, 4 young (4096K), 1 survivors (1024K)
 Metaspace       used 66354K, committed 68096K, reserved 1114112K
  class space    used 9296K, committed 9984K, reserved 1048576K
}
Event: 65491.568 GC heap after
{Heap after GC invocations=39 (full 0):
 garbage-first heap   total 89088K, used 42475K [0x0000000082200000, 0x0000000100000000)
  region size 1024K, 1 young (1024K), 1 survivors (1024K)
 Metaspace       used 66354K, committed 68096K, reserved 1114112K
  class space    used 9296K, committed 9984K, reserved 1048576K
}
Event: 65579.608 GC heap before
{Heap before GC invocations=39 (full 0):
 garbage-first heap   total 89088K, used 45547K [0x0000000082200000, 0x0000000100000000)
  region size 1024K, 4 young (4096K), 1 survivors (1024K)
 Metaspace       used 66410K, committed 68096K, reserved 1114112K
  class space    used 9309K, committed 9984K, reserved 1048576K
}
Event: 65579.643 GC heap after
{Heap after GC invocations=40 (full 0):
 garbage-first heap   total 89088K, used 41879K [0x0000000082200000, 0x0000000100000000)
  region size 1024K, 1 young (1024K), 1 survivors (1024K)
 Metaspace       used 66410K, committed 68096K, reserved 1114112K
  class space    used 9309K, committed 9984K, reserved 1048576K
}
Event: 65701.157 GC heap before
{Heap before GC invocations=40 (full 0):
 garbage-first heap   total 89088K, used 44951K [0x0000000082200000, 0x0000000100000000)
  region size 1024K, 4 young (4096K), 1 survivors (1024K)
 Metaspace       used 66410K, committed 68096K, reserved 1114112K
  class space    used 9309K, committed 9984K, reserved 1048576K
}
Event: 65701.538 GC heap after
{Heap after GC invocations=41 (full 0):
 garbage-first heap   total 89088K, used 41414K [0x0000000082200000, 0x0000000100000000)
  region size 1024K, 1 young (1024K), 1 survivors (1024K)
 Metaspace       used 66410K, committed 68096K, reserved 1114112K
  class space    used 9309K, committed 9984K, reserved 1048576K
}
Event: 65822.622 GC heap before
{Heap before GC invocations=41 (full 0):
 garbage-first heap   total 89088K, used 44486K [0x0000000082200000, 0x0000000100000000)
  region size 1024K, 4 young (4096K), 1 survivors (1024K)
 Metaspace       used 66410K, committed 68096K, reserved 1114112K
  class space    used 9309K, committed 9984K, reserved 1048576K
}
Event: 65822.799 GC heap after
{Heap after GC invocations=42 (full 0):
 garbage-first heap   total 89088K, used 41232K [0x0000000082200000, 0x0000000100000000)
  region size 1024K, 1 young (1024K), 1 survivors (1024K)
 Metaspace       used 66410K, committed 68096K, reserved 1114112K
  class space    used 9309K, committed 9984K, reserved 1048576K
}
Event: 65929.584 GC heap before
{Heap before GC invocations=42 (full 0):
 garbage-first heap   total 89088K, used 44304K [0x0000000082200000, 0x0000000100000000)
  region size 1024K, 4 young (4096K), 1 survivors (1024K)
 Metaspace       used 66410K, committed 68096K, reserved 1114112K
  class space    used 9309K, committed 9984K, reserved 1048576K
}
Event: 65930.792 GC heap after
{Heap after GC invocations=43 (full 0):
 garbage-first heap   total 89088K, used 41153K [0x0000000082200000, 0x0000000100000000)
  region size 1024K, 1 young (1024K), 1 survivors (1024K)
 Metaspace       used 66410K, committed 68096K, reserved 1114112K
  class space    used 9309K, committed 9984K, reserved 1048576K
}
Event: 66059.429 GC heap before
{Heap before GC invocations=43 (full 0):
 garbage-first heap   total 89088K, used 44225K [0x0000000082200000, 0x0000000100000000)
  region size 1024K, 4 young (4096K), 1 survivors (1024K)
 Metaspace       used 66410K, committed 68096K, reserved 1114112K
  class space    used 9309K, committed 9984K, reserved 1048576K
}

Dll operation events (12 events):
Event: 0.038 Loaded shared library C:\Program Files\Java\jdk-21.0.11\bin\java.dll
Event: 0.843 Loaded shared library C:\Program Files\Java\jdk-21.0.11\bin\zip.dll
Event: 0.855 Loaded shared library C:\Program Files\Java\jdk-21.0.11\bin\instrument.dll
Event: 0.886 Loaded shared library C:\Program Files\Java\jdk-21.0.11\bin\net.dll
Event: 0.893 Loaded shared library C:\Program Files\Java\jdk-21.0.11\bin\nio.dll
Event: 0.899 Loaded shared library C:\Program Files\Java\jdk-21.0.11\bin\jimage.dll
Event: 0.905 Loaded shared library C:\Program Files\Java\jdk-21.0.11\bin\zip.dll
Event: 1.938 Loaded shared library C:\Program Files\Java\jdk-21.0.11\bin\extnet.dll
Event: 1.964 Loaded shared library C:\Program Files\Java\jdk-21.0.11\bin\management.dll
Event: 2.022 Loaded shared library C:\Program Files\Java\jdk-21.0.11\bin\management_ext.dll
Event: 16.980 Loaded shared library C:\Program Files\Java\jdk-21.0.11\bin\sunmscapi.dll
Event: 38.272 Loaded shared library C:\Program Files\Java\jdk-21.0.11\bin\verify.dll

Deoptimization events (18 events):
Event: 27.447 Thread 0x00000218f3a18970 DEOPT PACKING pc=0x00000218e7497e14 sp=0x00000023d35fee90
Event: 27.447 Thread 0x00000218f3a18970 DEOPT UNPACKING pc=0x00000218e6bb4e42 sp=0x00000023d35fe3b8 mode 0
Event: 27.447 Thread 0x00000218f3a18970 DEOPT PACKING pc=0x00000218e7496abc sp=0x00000023d35fefd0
Event: 27.448 Thread 0x00000218f3a18970 DEOPT UNPACKING pc=0x00000218e6bb4e42 sp=0x00000023d35fe468 mode 0
Event: 27.448 Thread 0x00000218f3a18970 DEOPT PACKING pc=0x00000218e70099d4 sp=0x00000023d35ff160
Event: 27.448 Thread 0x00000218f3a18970 DEOPT UNPACKING pc=0x00000218e6bb4e42 sp=0x00000023d35fe698 mode 0
Event: 27.973 Thread 0x00000218dc366970 DEOPT PACKING pc=0x00000218e7705324 sp=0x00000023d20fa500
Event: 27.973 Thread 0x00000218dc366970 DEOPT UNPACKING pc=0x00000218e6bb4e42 sp=0x00000023d20f9a58 mode 0
Event: 28.690 Thread 0x00000218dc366970 DEOPT PACKING pc=0x00000218e6f061d9 sp=0x00000023d20fb980
Event: 28.690 Thread 0x00000218dc366970 DEOPT UNPACKING pc=0x00000218e6bb4e42 sp=0x00000023d20fae88 mode 3
Event: 33.573 Thread 0x00000218f3a104f0 DEOPT PACKING pc=0x00000218e7497e14 sp=0x00000023d36fedc0
Event: 33.573 Thread 0x00000218f3a104f0 DEOPT UNPACKING pc=0x00000218e6bb4e42 sp=0x00000023d36fe2e8 mode 0
Event: 33.573 Thread 0x00000218f3a104f0 DEOPT PACKING pc=0x00000218e7496abc sp=0x00000023d36fef00
Event: 33.573 Thread 0x00000218f3a104f0 DEOPT UNPACKING pc=0x00000218e6bb4e42 sp=0x00000023d36fe398 mode 0
Event: 33.573 Thread 0x00000218f3a104f0 DEOPT PACKING pc=0x00000218e70099d4 sp=0x00000023d36ff090
Event: 33.574 Thread 0x00000218f3a104f0 DEOPT UNPACKING pc=0x00000218e6bb4e42 sp=0x00000023d36fe5c8 mode 0
Event: 40.890 Thread 0x00000218f3a18970 DEOPT PACKING pc=0x00000218e71d931c sp=0x00000023d35fcfc0
Event: 40.890 Thread 0x00000218f3a18970 DEOPT UNPACKING pc=0x00000218e6bb4e42 sp=0x00000023d35fc4a8 mode 0

Classes loaded (20 events):
Event: 1461.151 Loading class sun/net/ConnectionResetException
Event: 1461.654 Loading class sun/net/ConnectionResetException done
Event: 1563.205 Loading class sun/security/ssl/Alert
Event: 1566.119 Loading class sun/security/ssl/Alert done
Event: 1567.190 Loading class sun/security/ssl/Alert$AlertConsumer
Event: 1568.237 Loading class sun/security/ssl/Alert$AlertConsumer done
Event: 1568.246 Loading class sun/security/ssl/Alert$Level
Event: 1568.396 Loading class sun/security/ssl/Alert$Level done
Event: 1569.511 Loading class java/nio/channels/ClosedByInterruptException
Event: 1569.590 Loading class java/nio/channels/AsynchronousCloseException
Event: 1569.651 Loading class java/nio/channels/ClosedChannelException
Event: 1569.780 Loading class java/nio/channels/ClosedChannelException done
Event: 1569.787 Loading class java/nio/channels/AsynchronousCloseException done
Event: 1569.787 Loading class java/nio/channels/ClosedByInterruptException done
Event: 1772.092 Loading class javax/crypto/AEADBadTagException
Event: 1772.121 Loading class javax/crypto/BadPaddingException
Event: 1772.134 Loading class javax/crypto/BadPaddingException done
Event: 1772.134 Loading class javax/crypto/AEADBadTagException done
Event: 65354.003 Loading class java/util/concurrent/ConcurrentLinkedQueue$Itr
Event: 65354.812 Loading class java/util/concurrent/ConcurrentLinkedQueue$Itr done

Classes unloaded (20 events):
Event: 65282.868 Thread 0x00000218eee011d0 Unloading class 0x0000021881975c00 'java/lang/invoke/LambdaForm$MH+0x0000021881975c00'
Event: 65282.868 Thread 0x00000218eee011d0 Unloading class 0x0000021881975800 'java/lang/invoke/LambdaForm$MH+0x0000021881975800'
Event: 65282.868 Thread 0x00000218eee011d0 Unloading class 0x0000021881975400 'java/lang/invoke/LambdaForm$MH+0x0000021881975400'
Event: 65282.868 Thread 0x00000218eee011d0 Unloading class 0x0000021881975000 'java/lang/invoke/LambdaForm$MH+0x0000021881975000'
Event: 65282.868 Thread 0x00000218eee011d0 Unloading class 0x0000021881974c00 'java/lang/invoke/LambdaForm$DMH+0x0000021881974c00'
Event: 65282.868 Thread 0x00000218eee011d0 Unloading class 0x0000021881974400 'jdk/internal/reflect/GeneratedSerializationConstructorAccessor32'
Event: 65282.868 Thread 0x00000218eee011d0 Unloading class 0x0000021881974000 'jdk/internal/reflect/GeneratedSerializationConstructorAccessor31'
Event: 65282.868 Thread 0x00000218eee011d0 Unloading class 0x0000021881957c00 'java/lang/invoke/LambdaForm$MH+0x0000021881957c00'
Event: 65282.868 Thread 0x00000218eee011d0 Unloading class 0x0000021881957400 'java/lang/invoke/LambdaForm$DMH+0x0000021881957400'
Event: 65282.868 Thread 0x00000218eee011d0 Unloading class 0x0000021881957000 'java/lang/invoke/LambdaForm$MH+0x0000021881957000'
Event: 65282.868 Thread 0x00000218eee011d0 Unloading class 0x0000021881953c00 'java/lang/invoke/LambdaForm$DMH+0x0000021881953c00'
Event: 65282.868 Thread 0x00000218eee011d0 Unloading class 0x0000021881953800 'java/lang/invoke/LambdaForm$DMH+0x0000021881953800'
Event: 65282.868 Thread 0x00000218eee011d0 Unloading class 0x0000021881953400 'java/lang/invoke/LambdaForm$MH+0x0000021881953400'
Event: 65282.868 Thread 0x00000218eee011d0 Unloading class 0x0000021881953000 'java/lang/invoke/LambdaForm$MH+0x0000021881953000'
Event: 65282.877 Thread 0x00000218eee011d0 Unloading class 0x0000021881952000 'java/lang/invoke/LambdaForm$DMH+0x0000021881952000'
Event: 65282.877 Thread 0x00000218eee011d0 Unloading class 0x0000021881951400 'java/lang/invoke/LambdaForm$DMH+0x0000021881951400'
Event: 65282.877 Thread 0x00000218eee011d0 Unloading class 0x0000021881951000 'java/lang/invoke/LambdaForm$MH+0x0000021881951000'
Event: 65282.884 Thread 0x00000218eee011d0 Unloading class 0x0000021881950800 'java/lang/invoke/LambdaForm$MH+0x0000021881950800'
Event: 65282.884 Thread 0x00000218eee011d0 Unloading class 0x00000218818a0800 'java/lang/invoke/LambdaForm$MH+0x00000218818a0800'
Event: 65282.890 Thread 0x00000218eee011d0 Unloading class 0x00000218810e8400 'jdk/internal/reflect/GeneratedSerializationConstructorAccessor11'

Classes redefined (0 events):
No events

Internal exceptions (20 events):
Event: 65354.812 Thread 0x00000218f568de50 Exception <a 'java/io/IOException'{0x0000000089438818}> (0x0000000089438818) 
thrown [s\open\src\hotspot\share\prims\jni.cpp, line 520]
Event: 65354.812 Thread 0x00000218f568e4e0 Exception <a 'java/io/IOException'{0x0000000089437ed0}> (0x0000000089437ed0) 
thrown [s\open\src\hotspot\share\prims\jni.cpp, line 520]
Event: 65354.812 Thread 0x00000218f568caa0 Exception <a 'java/io/IOException'{0x0000000089439228}> (0x0000000089439228) 
thrown [s\open\src\hotspot\share\prims\jni.cpp, line 520]
Event: 65355.380 Thread 0x00000218f568bd80 Exception <a 'java/io/IOException'{0x0000000089451ad8}> (0x0000000089451ad8) 
thrown [s\open\src\hotspot\share\prims\jni.cpp, line 520]
Event: 65356.114 Thread 0x00000218f568e4e0 Exception <a 'java/io/IOException'{0x0000000089461e78}> (0x0000000089461e78) 
thrown [s\open\src\hotspot\share\prims\jni.cpp, line 520]
Event: 65356.115 Thread 0x00000218f568caa0 Exception <a 'java/io/IOException'{0x0000000089466e70}> (0x0000000089466e70) 
thrown [s\open\src\hotspot\share\prims\jni.cpp, line 520]
Event: 65373.426 Thread 0x00000218f568caa0 Exception <a 'java/io/IOException'{0x0000000089f50bf8}> (0x0000000089f50bf8) 
thrown [s\open\src\hotspot\share\prims\jni.cpp, line 520]
Event: 65373.528 Thread 0x00000218f568e4e0 Exception <a 'java/io/IOException'{0x0000000089f63358}> (0x0000000089f63358) 
thrown [s\open\src\hotspot\share\prims\jni.cpp, line 520]
Event: 65373.677 Thread 0x00000218f568e4e0 Exception <a 'java/io/IOException'{0x0000000089f66c18}> (0x0000000089f66c18) 
thrown [s\open\src\hotspot\share\prims\jni.cpp, line 520]
Event: 65512.904 Thread 0x00000218f6b800f0 Exception <a 'java/io/IOException'{0x0000000089fa6120}> (0x0000000089fa6120) 
thrown [s\open\src\hotspot\share\prims\jni.cpp, line 520]
Event: 65540.850 Thread 0x00000218f6b7fa60 Exception <a 'java/lang/NoSuchMethodError'{0x0000000089e44c80}: 'java.lang.Object java.lang.invoke.DelegatingMethodHandle$Holder.reinvoke_L(java.lang.Object, int, int, long, java.lang.Object, long, long, long)'> (0x0000000089e44c80) 
thrown [s\open\src\hotspot\share\interpreter\linkResolver.cpp, line 773]
Event: 65541.179 Thread 0x00000218f6b7fa60 Exception <a 'java/lang/NoSuchMethodError'{0x0000000089e67840}: 'java.lang.Object java.lang.invoke.DelegatingMethodHandle$Holder.reinvoke_L(java.lang.Object, java.lang.Object, java.lang.Object, java.lang.Object, java.lang.Object, java.lang.Object, java.lang.Object, java.lang.Object, java.lang.Object, java.lang.Object, java.lang.Object, java.lang.Object, java.lang.Object, java.lang.Object, int, java.lang.Object, java.lang.Object, java.lang.Object, java.lang.Object, java.lang.Object, java.lang.Object, java.l
Event: 65541.370 Thread 0x00000218f6b7fa60 Exception <a 'java/lang/NoSuchMethodError'{0x0000000089ec1750}: 'java.lang.Object java.lang.invoke.DelegatingMethodHandle$Holder.reinvoke_L(java.lang.Object, java.lang.Object, java.lang.Object, java.lang.Object, java.lang.Object, java.lang.Object, java.lang.Object, java.lang.Object, java.lang.Object, java.lang.Object, java.lang.Object, java.lang.Object, java.lang.Object, java.lang.Object, java.lang.Object, java.lang.Object, java.lang.Object, java.lang.Object, java.lang.Object, java.lang.Object, java.lang.O
Event: 65555.722 Thread 0x00000218f568bd80 Exception <a 'java/io/IOException'{0x0000000089407fd0}> (0x0000000089407fd0) 
thrown [s\open\src\hotspot\share\prims\jni.cpp, line 520]
Event: 65567.420 Thread 0x00000218f568bd80 Exception <a 'java/net/UnknownHostException'{0x000000008940bd50}> (0x000000008940bd50) 
thrown [s\open\src\hotspot\share\prims\jni.cpp, line 520]
Event: 65567.447 Thread 0x00000218f568bd80 Exception <a 'java/io/IOException'{0x0000000089425018}> (0x0000000089425018) 
thrown [s\open\src\hotspot\share\prims\jni.cpp, line 520]
Event: 65567.874 Thread 0x00000218f568de50 Exception <a 'java/net/UnknownHostException'{0x0000000089eeb3e8}> (0x0000000089eeb3e8) 
thrown [s\open\src\hotspot\share\prims\jni.cpp, line 520]
Event: 65568.260 Thread 0x00000218f568c410 Exception <a 'java/net/UnknownHostException'{0x0000000089eee048}> (0x0000000089eee048) 
thrown [s\open\src\hotspot\share\prims\jni.cpp, line 520]
Event: 65580.403 Thread 0x00000218f568bd80 Exception <a 'java/io/IOException'{0x0000000089f414f8}> (0x0000000089f414f8) 
thrown [s\open\src\hotspot\share\prims\jni.cpp, line 520]
Event: 65812.937 Thread 0x00000218f6b800f0 Exception <a 'java/io/IOException'{0x0000000089469528}> (0x0000000089469528) 
thrown [s\open\src\hotspot\share\prims\jni.cpp, line 520]

ZGC Phase Switch (0 events):
No events

VM Operations (20 events):
Event: 65579.643 Executing VM operation: G1CollectForAllocation (G1 Evacuation Pause) done
Event: 65582.674 Executing VM operation: Cleanup
Event: 65582.674 Executing VM operation: Cleanup done
Event: 65593.906 Executing VM operation: HandshakeAllThreads (HandshakeForDeflation)
Event: 65593.906 Executing VM operation: HandshakeAllThreads (HandshakeForDeflation) done
Event: 65593.906 Executing VM operation: RendezvousGCThreads
Event: 65593.906 Executing VM operation: RendezvousGCThreads done
Event: 65605.008 Executing VM operation: Cleanup
Event: 65605.008 Executing VM operation: Cleanup done
Event: 65701.157 Executing VM operation: G1CollectForAllocation (G1 Evacuation Pause)
Event: 65701.539 Executing VM operation: G1CollectForAllocation (G1 Evacuation Pause) done
Event: 65822.621 Executing VM operation: G1CollectForAllocation (G1 Evacuation Pause)
Event: 65822.800 Executing VM operation: G1CollectForAllocation (G1 Evacuation Pause) done
Event: 65824.812 Executing VM operation: Cleanup
Event: 65824.813 Executing VM operation: Cleanup done
Event: 65875.286 Executing VM operation: Cleanup
Event: 65875.286 Executing VM operation: Cleanup done
Event: 65929.584 Executing VM operation: G1CollectForAllocation (G1 Evacuation Pause)
Event: 65930.792 Executing VM operation: G1CollectForAllocation (G1 Evacuation Pause) done
Event: 66059.429 Executing VM operation: G1CollectForAllocation (G1 Evacuation Pause)

Events (20 events):
Event: 65352.901 Thread 0x00000218eee011d0 flushing nmethod 0x00000218e78e1610
Event: 65352.901 Thread 0x00000218eee011d0 flushing nmethod 0x00000218e78e1a10
Event: 65352.901 Thread 0x00000218eee011d0 flushing nmethod 0x00000218e78e1d90
Event: 65352.901 Thread 0x00000218eee011d0 flushing nmethod 0x00000218e78e3390
Event: 65354.042 Thread 0x00000218f6c98c10 Thread added: 0x00000218f6c98c10
Event: 65354.042 Thread 0x00000218f6c992e0 Thread added: 0x00000218f6c992e0
Event: 65361.154 Thread 0x00000218f6c992e0 Thread exited: 0x00000218f6c992e0
Event: 65365.526 Thread 0x00000218f6c98c10 Thread exited: 0x00000218f6c98c10
Event: 65503.584 Thread 0x00000218f6c999b0 Thread added: 0x00000218f6c999b0
Event: 65506.551 Thread 0x00000218f6c999b0 Thread exited: 0x00000218f6c999b0
Event: 65506.579 Thread 0x00000218f6c9a750 Thread added: 0x00000218f6c9a750
Event: 65511.606 Thread 0x00000218f6c9a750 Thread exited: 0x00000218f6c9a750
Event: 65521.601 Thread 0x00000218f6c9a080 Thread added: 0x00000218f6c9a080
Event: 65521.601 Thread 0x00000218f6c97e70 Thread added: 0x00000218f6c97e70
Event: 65526.786 Thread 0x00000218f6c97e70 Thread exited: 0x00000218f6c97e70
Event: 65531.688 Thread 0x00000218f6c9a080 Thread exited: 0x00000218f6c9a080
Event: 65536.585 Thread 0x00000218f6c977a0 Thread added: 0x00000218f6c977a0
Event: 65540.082 Thread 0x00000218f6c977a0 Thread exited: 0x00000218f6c977a0
Event: 65822.924 Thread 0x00000218f6c98c10 Thread added: 0x00000218f6c98c10
Event: 65827.990 Thread 0x00000218f6c98c10 Thread exited: 0x00000218f6c98c10


Dynamic libraries:
0x00007ff6f6290000 - 0x00007ff6f62a0000 	C:\Program Files\Java\jdk-21.0.11\bin\java.exe
0x00007ffcbee60000 - 0x00007ffcbf0c6000 	C:\WINDOWS\SYSTEM32\ntdll.dll
0x00007ffcbdf90000 - 0x00007ffcbe059000 	C:\WINDOWS\System32\KERNEL32.DLL
0x00007ffcbc5e0000 - 0x00007ffcbc9df000 	C:\WINDOWS\System32\KERNELBASE.dll
0x00007ffcbc1a0000 - 0x00007ffcbc2ec000 	C:\WINDOWS\System32\ucrtbase.dll
0x00007ffc17940000 - 0x00007ffc17959000 	C:\Program Files\Java\jdk-21.0.11\bin\jli.dll
0x00007ffcbed40000 - 0x00007ffcbedfc000 	C:\WINDOWS\System32\ADVAPI32.dll
0x00007ffcbdee0000 - 0x00007ffcbdf89000 	C:\WINDOWS\System32\msvcrt.dll
0x00007ffcbd920000 - 0x00007ffcbd9ca000 	C:\WINDOWS\System32\sechost.dll
0x00007ffcbdd70000 - 0x00007ffcbde88000 	C:\WINDOWS\System32\RPCRT4.dll
0x00007ffc116e0000 - 0x00007ffc116fe000 	C:\Program Files\Java\jdk-21.0.11\bin\VCRUNTIME140.dll
0x00007ffcbd6d0000 - 0x00007ffcbd896000 	C:\WINDOWS\System32\USER32.dll
0x00007ffcbcab0000 - 0x00007ffcbcad7000 	C:\WINDOWS\System32\win32u.dll
0x00007ffcbec80000 - 0x00007ffcbecab000 	C:\WINDOWS\System32\GDI32.dll
0x00007ffca1c30000 - 0x00007ffca1ec1000 	C:\WINDOWS\WinSxS\amd64_microsoft.windows.common-controls_6595b64144ccf1df_6.0.26100.8972_none_3e0da176e32f9d4b\COMCTL32.dll
0x00007ffcbc070000 - 0x00007ffcbc199000 	C:\WINDOWS\System32\gdi32full.dll
0x00007ffcbcae0000 - 0x00007ffcbcb83000 	C:\WINDOWS\System32\msvcp_win.dll
0x00007ffcb5500000 - 0x00007ffcb550b000 	C:\WINDOWS\SYSTEM32\VERSION.dll
0x00007ffcbd600000 - 0x00007ffcbd632000 	C:\WINDOWS\System32\IMM32.DLL
0x00007ffc6eab0000 - 0x00007ffc6eabc000 	C:\Program Files\Java\jdk-21.0.11\bin\vcruntime140_1.dll
0x00007ffc110d0000 - 0x00007ffc1115d000 	C:\Program Files\Java\jdk-21.0.11\bin\msvcp140.dll
0x00007ffbf9c40000 - 0x00007ffbfa968000 	C:\Program Files\Java\jdk-21.0.11\bin\server\jvm.dll
0x00007ffcbd640000 - 0x00007ffcbd6c2000 	C:\WINDOWS\System32\WS2_32.dll
0x00007ffcbbed0000 - 0x00007ffcbbf2e000 	C:\WINDOWS\SYSTEM32\POWRPROF.dll
0x00007ffcaa960000 - 0x00007ffcaa996000 	C:\WINDOWS\SYSTEM32\WINMM.dll
0x00007ffcbbeb0000 - 0x00007ffcbbec5000 	C:\WINDOWS\SYSTEM32\UMPDC.dll
0x00007ffcbad60000 - 0x00007ffcbad7b000 	C:\WINDOWS\SYSTEM32\kernel.appcore.dll
0x00007ffc69f90000 - 0x00007ffc69f9a000 	C:\Program Files\Java\jdk-21.0.11\bin\jimage.dll
0x00007ffcb67d0000 - 0x00007ffcb6a12000 	C:\WINDOWS\SYSTEM32\DBGHELP.DLL
0x00007ffcbe7f0000 - 0x00007ffcbeb75000 	C:\WINDOWS\System32\combase.dll
0x00007ffcbd290000 - 0x00007ffcbd369000 	C:\WINDOWS\System32\OLEAUT32.dll
0x00007ffca3610000 - 0x00007ffca364b000 	C:\WINDOWS\SYSTEM32\dbgcore.DLL
0x00007ffcbc9f0000 - 0x00007ffcbca9c000 	C:\WINDOWS\System32\bcryptPrimitives.dll
0x00007ffc3b9d0000 - 0x00007ffc3b9e0000 	C:\Program Files\Java\jdk-21.0.11\bin\instrument.dll
0x00007ffc110a0000 - 0x00007ffc110c1000 	C:\Program Files\Java\jdk-21.0.11\bin\java.dll
0x00007ffcbe060000 - 0x00007ffcbe7e8000 	C:\WINDOWS\System32\SHELL32.dll
0x00007ffcb9b60000 - 0x00007ffcba3fb000 	C:\WINDOWS\SYSTEM32\windows.storage.dll
0x00007ffcbeb80000 - 0x00007ffcbec79000 	C:\WINDOWS\System32\SHCORE.dll
0x00007ffcbd120000 - 0x00007ffcbd186000 	C:\WINDOWS\System32\shlwapi.dll
0x00007ffcbbf90000 - 0x00007ffcbbfb9000 	C:\WINDOWS\SYSTEM32\profapi.dll
0x00007ffc0eda0000 - 0x00007ffc0edb8000 	C:\Program Files\Java\jdk-21.0.11\bin\zip.dll
0x00007ffc11080000 - 0x00007ffc11091000 	C:\Program Files\Java\jdk-21.0.11\bin\net.dll
0x00007ffcb05e0000 - 0x00007ffcb0708000 	C:\WINDOWS\SYSTEM32\WINHTTP.dll
0x00007ffcbb310000 - 0x00007ffcbb37c000 	C:\WINDOWS\system32\mswsock.dll
0x00007ffc10860000 - 0x00007ffc10876000 	C:\Program Files\Java\jdk-21.0.11\bin\nio.dll
0x00007ffcba7c0000 - 0x00007ffcba918000 	C:\WINDOWS\SYSTEM32\DNSAPI.dll
0x00007ffcbb0f0000 - 0x00007ffcbb0fd000 	C:\WINDOWS\SYSTEM32\DSPARSE.dll
0x00007ffcba730000 - 0x00007ffcba763000 	C:\WINDOWS\SYSTEM32\IPHLPAPI.DLL
0x00007ffcbd250000 - 0x00007ffcbd25a000 	C:\WINDOWS\System32\NSI.dll
0x00007ffcad780000 - 0x00007ffcad78b000 	C:\Windows\System32\rasadhlp.dll
0x00007ffcaec40000 - 0x00007ffcaecc6000 	C:\WINDOWS\System32\fwpuclnt.dll
0x00007ffc264f0000 - 0x00007ffc264f9000 	C:\Program Files\Java\jdk-21.0.11\bin\extnet.dll
0x00007ffc32bd0000 - 0x00007ffc32bda000 	C:\Program Files\Java\jdk-21.0.11\bin\management.dll
0x00007ffc328e0000 - 0x00007ffc328ec000 	C:\Program Files\Java\jdk-21.0.11\bin\management_ext.dll
0x00007ffcbd260000 - 0x00007ffcbd268000 	C:\WINDOWS\System32\PSAPI.DLL
0x00007ffcbb600000 - 0x00007ffcbb61b000 	C:\WINDOWS\SYSTEM32\CRYPTSP.dll
0x00007ffcbacc0000 - 0x00007ffcbacf9000 	C:\WINDOWS\system32\rsaenh.dll
0x00007ffcbb3c0000 - 0x00007ffcbb3f2000 	C:\WINDOWS\SYSTEM32\USERENV.dll
0x00007ffcbbf60000 - 0x00007ffcbbf8a000 	C:\WINDOWS\SYSTEM32\bcrypt.dll
0x00007ffcbb620000 - 0x00007ffcbb62c000 	C:\WINDOWS\SYSTEM32\CRYPTBASE.dll
0x00007ffc94820000 - 0x00007ffc94838000 	C:\WINDOWS\system32\napinsp.dll
0x00007ffc952a0000 - 0x00007ffc952b3000 	C:\WINDOWS\System32\winrnr.dll
0x00007ffc94660000 - 0x00007ffc94682000 	C:\WINDOWS\system32\nlansp_c.dll
0x00007ffc8a0c0000 - 0x00007ffc8a0d6000 	C:\WINDOWS\system32\wshbth.dll
0x00007ffca0c20000 - 0x00007ffca0c78000 	C:\WINDOWS\SYSTEM32\pdh.dll
0x00007ffcb28f0000 - 0x00007ffcb2902000 	C:\WINDOWS\System32\perfproc.dll
0x00007ffcb2ad0000 - 0x00007ffcb2ade000 	C:\Program Files\Java\jdk-21.0.11\bin\sunmscapi.dll
0x00007ffcbc450000 - 0x00007ffcbc5ce000 	C:\WINDOWS\System32\CRYPT32.dll
0x00007ffcbb840000 - 0x00007ffcbb870000 	C:\WINDOWS\SYSTEM32\ncrypt.dll
0x00007ffcbb7f0000 - 0x00007ffcbb82f000 	C:\WINDOWS\SYSTEM32\NTASN1.dll
0x00007ffcafee0000 - 0x00007ffcafefd000 	C:\WINDOWS\SYSTEM32\dhcpcsvc6.DLL
0x00007ffcaf910000 - 0x00007ffcaf935000 	C:\WINDOWS\SYSTEM32\dhcpcsvc.DLL
0x00007ffc85af0000 - 0x00007ffc85af8000 	C:\WINDOWS\system32\wshunix.dll
0x00007ffcb2b00000 - 0x00007ffcb2b10000 	C:\Program Files\Java\jdk-21.0.11\bin\verify.dll

dbghelp: loaded successfully - version: 4.0.5 - missing functions: none
symbol engine: initialized successfully - sym options: 0x614 - pdb path: .;C:\Program Files\Java\jdk-21.0.11\bin;C:\WINDOWS\SYSTEM32;C:\WINDOWS\WinSxS\amd64_microsoft.windows.common-controls_6595b64144ccf1df_6.0.26100.8972_none_3e0da176e32f9d4b;C:\Program Files\Java\jdk-21.0.11\bin\server

VM Arguments:
jvm_args: -XX:TieredStopAtLevel=1 -Dspring.output.ansi.enabled=always -Dcom.sun.management.jmxremote -Dspring.jmx.enabled=true -Dspring.liveBeansView.mbeanDomain -Dspring.application.admin.enabled=true -Dmanagement.endpoints.jmx.exposure.include=* -javaagent:C:\Program Files\JetBrains\IntelliJ IDEA 2026.2.0.1\Intelij\IntelliJ IDEA 2026.2.0.1\lib\idea_rt.jar=57463 -Dfile.encoding=UTF-8 -Dsun.stdout.encoding=UTF-8 -Dsun.stderr.encoding=UTF-8 
java_command: com.devicecare360.booking.BookingServiceApplication
java_class_path (initial): C:\Users\FSL\Desktop\Device care 360\backend\booking-service\target\classes;C:\Users\FSL\.m2\repository\org\springframework\boot\spring-boot-starter-web\3.2.3\spring-boot-starter-web-3.2.3.jar;C:\Users\FSL\.m2\repository\org\springframework\boot\spring-boot-starter\3.2.3\spring-boot-starter-3.2.3.jar;C:\Users\FSL\.m2\repository\org\springframework\boot\spring-boot\3.2.3\spring-boot-3.2.3.jar;C:\Users\FSL\.m2\repository\org\springframework\boot\spring-boot-autoconfigure\3.2.3\spring-boot-autoconfigure-3.2.3.jar;C:\Users\FSL\.m2\repository\org\springframework\boot\spring-boot-starter-logging\3.2.3\spring-boot-starter-logging-3.2.3.jar;C:\Users\FSL\.m2\repository\ch\qos\logback\logback-classic\1.4.14\logback-classic-1.4.14.jar;C:\Users\FSL\.m2\repository\ch\qos\logback\logback-core\1.4.14\logback-core-1.4.14.jar;C:\Users\FSL\.m2\repository\org\apache\logging\log4j\log4j-to-slf4j\2.21.1\log4j-to-slf4j-2.21.1.jar;C:\Users\FSL\.m2\repository\org\apache\logging\log4j\log4j-api\2.21.1\log4j-api-2.21.1.jar;C:\Users\FSL\.m2\repository\org\slf4j\jul-to-slf4j\2.0.12\jul-to-slf4j-2.0.12.jar;C:\Users\FSL\.m2\repository\jakarta\annotation\jakarta.annotation-api\2.1.1\jakarta.annotation-api-2.1.1.jar;C:\Users\FSL\.m2\repository\org\springframework\spring-core\6.1.4\spring-core-6.1.4.jar;C:\Users\FSL\.m2\repository\org\springframework\spring-jcl\6.1.4\spring-jcl-6.1.4.jar;C:\Users\FSL\.m2\repository\org\yaml\snakeyaml\2.2\snakeyaml-2.2.jar;C:\Users\FSL\.m2\repository\org\springframework\boot\spring-boot-starter-json\3.2.3\spring-boot-starter-json-3.2.3.jar;C:\Users\FSL\.m2\repository\com\fasterxml\jackson\datatype\jackson-datatype-jdk8\2.15.4\jackson-datatype-jdk8-2.15.4.jar;C:\Users\FSL\.m2\repository\com\fasterxml\jackson\datatype\jackson-datatype-jsr310\2.15.4\jackson-datatype-jsr310-2.15.4.jar;C:\Users\FSL\.m2\repository\com\fasterxml\jackson\module\jackson-module-parameter-names\2.15.4\jackson-module-parameter-names-2.15.4.jar;C:\Users\FSL\.m2\repository\org\springframework\boot\spring-boot-starter-tomcat\3.2.3\spring-boot-starter-tomcat-3.2.3.jar;C:\Users\FSL\.m2\repository\org\apache\tomcat\embed\tomcat-embed-core\10.1.19\tomcat-embed-core-10.1.19.jar;C:\Users\FSL\.m2\repository\org\apache\tomcat\embed\tomcat-embed-el\10.1.19\tomcat-embed-el-10.1.19.jar;C:\Users\FSL\.m2\repository\org\apache\tomcat\embed\tomcat-embed-websocket\10.1.19\tomcat-embed-websocket-10.1.19.jar;C:\Users\FSL\.m2\repository\org\springframework\spring-web\6.1.4\spring-web-6.1.4.jar;C:\Users\FSL\.m2\repository\org\springframework\spring-beans\6.1.4\spring-beans-6.1.4.jar;C:\Users\FSL\.m2\repository\org\springframework\spring-webmvc\6.1.4\spring-webmvc-6.1.4.jar;C:\Users\FSL\.m2\repository\org\springframework\spring-aop\6.1.4\spring-aop-6.1.4.jar;C:\Users\FSL\.m2\repository\org\springframework\spring-context\6.1.4\spring-context-6.1.4.jar;C:\Users\FSL\.m2\repository\org\springframework\spring-expression\6.1.4\spring-expression-6.1.4.jar;C:\Users\FSL\.m2\repository\org\springframework\boot\spring-boot-starter-data-mongodb\3.2.3\spring-boot-starter-data-mongodb-3.2.3.jar;C:\Users\FSL\.m2\repository\org\mongodb\mongodb-driver-sync\4.11.1\mongodb-driver-sync-4.11.1.jar;C:\Users\FSL\.m2\repository\org\mongodb\bson\4.11.1\bson-4.11.1.jar;C:\Users\FSL\.m2\repository\org\mongodb\mongodb-driver-core\4.11.1\mongodb-driver-core-4.11.1.jar;C:\Users\FSL\.m2\repository\org\mongodb\bson-record-codec\4.11.1\bson-record-codec-4.11.1.jar;C:\Users\FSL\.m2\repository\org\springframework\data\spring-data-mongodb\4.2.3\spring-data-mongodb-4.2.3.jar;C:\Users\FSL\.m2\repository\org\springframework\spring-tx\6.1.4\spring-tx-6.1.4.jar;C:\Users\FSL\.m2\repository\org\springframework\data\spring-data-commons\3.2.3\spring-data-commons-3.2.3.jar;C:\Users\FSL\.m2\repository\org\slf4j\slf4j-api\2.0.12\slf4j-api-2.0.12.jar;C:\Users\FSL\.m2\repository\org\springframework\boot\spring-boot-starter-amqp\3.2.3\spring-boot-starter-amqp-3.2.3.jar;C:\Users\FSL\.m2\repository\org\springframework\spring-messaging\6.1.4\spring-messaging-6.1.4.jar;C:\Users\FSL\.m2\repository\org\springframework\amqp\spring-rabbit\3.1.2\spring-rabbit-3.1.2.jar;C:\Users\FSL\.m2\repository\org\springframework\amqp\spring-amqp\3.1.2\spring-amqp-3.1.2.jar;C:\Users\FSL\.m2\repository\org\springframework\retry\spring-retry\2.0.5\spring-retry-2.0.5.jar;C:\Users\FSL\.m2\repository\com\rabbitmq\amqp-client\5.19.0\amqp-client-5.19.0.jar;C:\Users\FSL\.m2\repository\org\springframework\cloud\spring-cloud-starter-openfeign\4.1.0\spring-cloud-starter-openfeign-4.1.0.jar;C:\Users\FSL\.m2\repository\org\springframework\cloud\spring-cloud-starter\4.1.0\spring-cloud-starter-4.1.0.jar;C:\Users\FSL\.m2\repository\org\springframework\cloud\spring-cloud-context\4.1.0\spring-cloud-context-4.1.0.jar;C:\Users\FSL\.m2\repository\org\springframework\security\spring-security-rsa\1.1.1\spring-security-rsa-1.1.1.jar;C:\Users\FSL\.m2\repository\org\bouncycastle\bcprov-jdk18on\1.74\bcprov-jdk18on-1.74.jar;C:\Users\FSL\.m2\repository\org\springframework\cloud\spring-cloud-openfeign-core\4.1.0\spring-cloud-openfeign-core-4.1.0.jar;C:\Users\FSL\.m2\repository\org\springframework\boot\spring-boot-starter-aop\3.2.3\spring-boot-starter-aop-3.2.3.jar;C:\Users\FSL\.m2\repository\org\aspectj\aspectjweaver\1.9.21\aspectjweaver-1.9.21.jar;C:\Users\FSL\.m2\repository\io\github\openfeign\form\feign-form-spring\3.8.0\feign-form-spring-3.8.0.jar;C:\Users\FSL\.m2\repository\io\github\openfeign\form\feign-form\3.8.0\feign-form-3.8.0.jar;C:\Users\FSL\.m2\repository\commons-fileupload\commons-fileupload\1.5\commons-fileupload-1.5.jar;C:\Users\FSL\.m2\repository\commons-io\commons-io\2.11.0\commons-io-2.11.0.jar;C:\Users\FSL\.m2\repository\org\springframework\cloud\spring-cloud-commons\4.1.0\spring-cloud-commons-4.1.0.jar;C:\Users\FSL\.m2\repository\org\springframework\security\spring-security-crypto\6.2.2\spring-security-crypto-6.2.2.jar;C:\Users\FSL\.m2\repository\io\github\openfeign\feign-core\13.1\feign-core-13.1.jar;C:\Users\FSL\.m2\repository\io\github\openfeign\feign-slf4j\13.1\feign-slf4j-13.1.jar;C:\Users\FSL\.m2\repository\org\springframework\cloud\spring-cloud-starter-netflix-eureka-client\4.1.0\spring-cloud-starter-netflix-eureka-client-4.1.0.jar;C:\Users\FSL\.m2\repository\org\springframework\cloud\spring-cloud-netflix-eureka-client\4.1.0\spring-cloud-netflix-eureka-client-4.1.0.jar;C:\Users\FSL\.m2\repository\org\apache\httpcomponents\client5\httpclient5\5.2.3\httpclient5-5.2.3.jar;C:\Users\FSL\.m2\repository\org\apache\httpcomponents\core5\httpcore5\5.2.4\httpcore5-5.2.4.jar;C:\Users\FSL\.m2\repository\org\apache\httpcomponents\core5\httpcore5-h2\5.2.4\httpcore5-h2-5.2.4.jar;C:\Users\FSL\.m2\repository\com\netflix\eureka\eureka-client\2.0.1\eureka-client-2.0.1.jar;C:\Users\FSL\.m2\repository\com\netflix\netflix-commons\netflix-eventbus\0.3.0\netflix-eventbus-0.3.0.jar;C:\Users\FSL\.m2\repository\com\netflix\netflix-commons\netflix-infix\0.3.0\netflix-infix-0.3.0.jar;C:\Users\FSL\.m2\repository\commons-jxpath\commons-jxpath\1.3\commons-jxpath-1.3.jar;C:\Users\FSL\.m2\repository\joda-time\joda-time\2.3\joda-time-2.3.jar;C:\Users\FSL\.m2\repository\org\antlr\antlr-runtime\3.4\antlr-runtime-3.4.jar;C:\Users\FSL\.m2\repository\org\antlr\stringtemplate\3.2.1\stringtemplate-3.2.1.jar;C:\Users\FSL\.m2\repository\antlr\antlr\2.7.7\antlr-2.7.7.jar;C:\Users\FSL\.m2\repository\com\google\code\gson\gson\2.10.1\gson-2.10.1.jar;C:\Users\FSL\.m2\repository\org\apache\commons\commons-math\2.2\commons-math-2.2.jar;C:\Users\FSL\.m2\repository\com\thoughtworks\xstream\xstream\1.4.19\xstream-1.4.19.jar;C:\Users\FSL\.m2\repository\io\github\x-stream\mxparser\1.2.2\mxparser-1.2.2.jar;C:\Users\FSL\.m2\repository\xmlpull\xmlpull\1.1.3.1\xmlpull-1.1.3.1.jar;C:\Users\FSL\.m2\repository\jakarta\ws\rs\jakarta.ws.rs-api\3.1.0\jakarta.ws.rs-api-3.1.0.jar;C:\Users\FSL\.m2\repository\jakarta\inject\jakarta.inject-api\2.0.1\jakarta.inject-api-2.0.1.jar;C:\Users\FSL\.m2\repository\com\netflix\servo\servo-core\0.12.21\servo-core-0.12.21.jar;C:\Users\FSL\.m2\repository\com\google\guava\guava\19.0\guava-19.0.jar;C:\Users\FSL\.m2\repository\org\apache\httpcomponents\httpclient\4.5.3\httpclient-4.5.3.jar;C:\Users\FSL\.m2\repository\org\apache\httpcomponents\httpcore\4.4.16\httpcore-4.4.16.jar;C:\Users\FSL\.m2\repository\commons-codec\commons-codec\1.16.1\commons-codec-1.16.1.jar;C:\Users\FSL\.m2\repository\commons-configuration\commons-configuration\1.10\commons-configuration-1.10.jar;C:\Users\FSL\.m2\repository\commons-lang\commons-lang\2.6\commons-lang-2.6.jar;C:\Users\FSL\.m2\repository\com\fasterxml\jackson\core\jackson-annotations\2.15.4\jackson-annotations-2.15.4.jar;C:\Users\FSL\.m2\repository\com\fasterxml\jackson\core\jackson-core\2.15.4\jackson-core-2.15.4.jar;C:\Users\FSL\.m2\repository\org\codehaus\jettison\jettison\1.4.0\jettison-1.4.0.jar;C:\Users\FSL\.m2\repository\com\netflix\eureka\eureka-core\2.0.1\eureka-core-2.0.1.jar;C:\Users\FSL\.m2\repository\com\fasterxml\woodstox\woodstox-core\6.2.1\woodstox-core-6.2.1.jar;C:\Users\FSL\.m2\repository\org\codehaus\woodstox\stax2-api\4.2.1\stax2-api-4.2.1.jar;C:\Users\FSL\.m2\repository\org\springframework\cloud\spring-cloud-starter-loadbalancer\4.1.0\spring-cloud-starter-loadbalancer-4.1.0.jar;C:\Users\FSL\.m2\repository\org\springframework\cloud\spring-cloud-loadbalancer\4.1.0\spring-cloud-loadbalancer-4.1.0.jar;C:\Users\FSL\.m2\repository\io\projectreactor\reactor-core\3.6.3\reactor-core-3.6.3.jar;C:\Users\FSL\.m2\repository\org\reactivestreams\reactive-streams\1.0.4\reactive-streams-1.0.4.jar;C:\Users\FSL\.m2\repository\io\projectreactor\addons\reactor-extra\3.5.1\reactor-extra-3.5.1.jar;C:\Users\FSL\.m2\repository\org\springframework\boot\spring-boot-starter-cache\3.2.3\spring-boot-starter-cache-3.2.3.jar;C:\Users\FSL\.m2\repository\org\springframework\spring-context-support\6.1.4\spring-context-support-6.1.4.jar;C:\Users\FSL\.m2\repository\com\stoyanr\evictor\1.0.0\evictor-1.0.0.jar;C:\Users\FSL\.m2\repository\org\springframework\boot\spring-boot-starter-actuator\3.2.3\spring-boot-starter-actuator-3.2.3.jar;C:\Users\FSL\.m2\repository\org\springframework\boot\spring-boot-actuator-autoconfigure\3.2.3\spring-boot-actuator-autoconfigure-3.2.3.jar;C:\Users\FSL\.m2\repository\org\springframework\boot\spring-boot-actuator\3.2.3\spring-boot-actuator-3.2.3.jar;C:\Users\FSL\.m2\repository\io\micrometer\micrometer-observation\1.12.3\micrometer-observation-1.12.3.jar;C:\Users\FSL\.m2\repository\io\micrometer\micrometer-commons\1.12.3\micrometer-commons-1.12.3.jar;C:\Users\FSL\.m2\repository\io\micrometer\micrometer-jakarta9\1.12.3\micrometer-jakarta9-1.12.3.jar;C:\Users\FSL\.m2\repository\io\micrometer\micrometer-core\1.12.3\micrometer-core-1.12.3.jar;C:\Users\FSL\.m2\repository\org\hdrhistogram\HdrHistogram\2.1.12\HdrHistogram-2.1.12.jar;C:\Users\FSL\.m2\repository\org\latencyutils\LatencyUtils\2.0.3\LatencyUtils-2.0.3.jar;C:\Users\FSL\.m2\repository\org\springdoc\springdoc-openapi-starter-webmvc-ui\2.3.0\springdoc-openapi-starter-webmvc-ui-2.3.0.jar;C:\Users\FSL\.m2\repository\org\springdoc\springdoc-openapi-starter-webmvc-api\2.3.0\springdoc-openapi-starter-webmvc-api-2.3.0.jar;C:\Users\FSL\.m2\repository\org\springdoc\springdoc-openapi-starter-common\2.3.0\springdoc-openapi-starter-common-2.3.0.jar;C:\Users\FSL\.m2\repository\io\swagger\core\v3\swagger-core-jakarta\2.2.19\swagger-core-jakarta-2.2.19.jar;C:\Users\FSL\.m2\repository\org\apache\commons\commons-lang3\3.13.0\commons-lang3-3.13.0.jar;C:\Users\FSL\.m2\repository\io\swagger\core\v3\swagger-annotations-jakarta\2.2.19\swagger-annotations-jakarta-2.2.19.jar;C:\Users\FSL\.m2\repository\io\swagger\core\v3\swagger-models-jakarta\2.2.19\swagger-models-jakarta-2.2.19.jar;C:\Users\FSL\.m2\repository\jakarta\xml\bind\jakarta.xml.bind-api\4.0.1\jakarta.xml.bind-api-4.0.1.jar;C:\Users\FSL\.m2\repository\jakarta\activation\jakarta.activation-api\2.1.2\jakarta.activation-api-2.1.2.jar;C:\Users\FSL\.m2\repository\com\fasterxml\jackson\dataformat\jackson-dataformat-yaml\2.15.4\jackson-dataformat-yaml-2.15.4.jar;C:\Users\FSL\.m2\repository\org\webjars\swagger-ui\5.10.3\swagger-ui-5.10.3.jar;C:\Users\FSL\Desktop\Device care 360\backend\shared\target\classes;C:\Users\FSL\.m2\repository\org\springframework\boot\spring-boot-starter-validation\3.2.3\spring-boot-starter-validation-3.2.3.jar;C:\Users\FSL\.m2\repository\org\hibernate\validator\hibernate-validator\8.0.1.Final\hibernate-validator-8.0.1.Final.jar;C:\Users\FSL\.m2\repository\jakarta\validation\jakarta.validation-api\3.0.2\jakarta.validation-api-3.0.2.jar;C:\Users\FSL\.m2\repository\org\jboss\logging\jboss-logging\3.5.3.Final\jboss-logging-3.5.3.Final.jar;C:\Users\FSL\.m2\repository\com\fasterxml\classmate\1.6.0\classmate-1.6.0.jar;C:\Users\FSL\.m2\repository\io\jsonwebtoken\jjwt-api\0.11.5\jjwt-api-0.11.5.jar;C:\Users\FSL\.m2\repository\io\jsonwebtoken\jjwt-impl\0.11.5\jjwt-impl-0.11.5.jar;C:\Users\FSL\.m2\repository\io\jsonwebtoken\jjwt-jackson\0.11.5\jjwt-jackson-0.11.5.jar;C:\Users\FSL\.m2\repository\com\fasterxml\jackson\core\jackson-databind\2.15.4\jackson-databind-2.15.4.jar;C:\Users\FSL\.m2\repository\org\projectlombok\lombok\1.18.30\lombok-1.18.30.jar
Launcher Type: SUN_STANDARD

[Global flags]
     intx CICompilerCount                          = 4                                         {product} {ergonomic}
     uint ConcGCThreads                            = 2                                         {product} {ergonomic}
     uint G1ConcRefinementThreads                  = 8                                         {product} {ergonomic}
   size_t G1HeapRegionSize                         = 1048576                                   {product} {ergonomic}
    uintx GCDrainStackTargetSize                   = 64                                        {product} {ergonomic}
   size_t InitialHeapSize                          = 132120576                                 {product} {ergonomic}
     bool ManagementServer                         = true                                      {product} {command line}
   size_t MarkStackSize                            = 4194304                                   {product} {ergonomic}
   size_t MaxHeapSize                              = 2111832064                                {product} {ergonomic}
   size_t MaxNewSize                               = 1266679808                                {product} {ergonomic}
   size_t MinHeapDeltaBytes                        = 1048576                                   {product} {ergonomic}
   size_t MinHeapSize                              = 8388608                                   {product} {ergonomic}
    uintx NonNMethodCodeHeapSize                   = 4096                                   {pd product} {ergonomic}
    uintx NonProfiledCodeHeapSize                  = 0                                      {pd product} {ergonomic}
     bool ProfileInterpreter                       = false                                  {pd product} {command line}
    uintx ProfiledCodeHeapSize                     = 0                                      {pd product} {ergonomic}
   size_t SoftMaxHeapSize                          = 2111832064                             {manageable} {ergonomic}
     intx TieredStopAtLevel                        = 1                                         {product} {command line}
     bool UseCompressedOops                        = true                           {product lp64_product} {ergonomic}
     bool UseG1GC                                  = true                                      {product} {ergonomic}
     bool UseLargePagesIndividualAllocation        = false                                  {pd product} {ergonomic}

Logging:
Log output configuration:
 #0: stdout all=warning uptime,level,tags foldmultilines=false
 #1: stderr all=off uptime,level,tags foldmultilines=false

Environment Variables:
PATH=C:\Program Files\Common Files\Oracle\Java\javapath;C:\Program Files (x86)\VMware\VMware Workstation\bin\;C:\WINDOWS\system32;C:\WINDOWS;C:\WINDOWS\System32\Wbem;C:\WINDOWS\System32\WindowsPowerShell\v1.0\;C:\WINDOWS\System32\OpenSSH\;C:\Program Files\PuTTY\;C:\Program Files\Git\cmd;C:\Program Files\cursor\resources\app\bin;D:\Program Files\;C:\Program Files\dotnet\;C:\Users\FSL\AppData\Local\Programs\Python\Python39\Scripts\;C:\Users\FSL\AppData\Local\Programs\Python\Python39\;C:\Users\FSL\.local\bin;C:\Users\FSL\AppData\Local\Microsoft\WindowsApps;C:\Users\FSL\AppData\Local\Programs\Microsoft VS Code\bin;C:\Users\FSL\AppData\Local\Programs\Antigravity\bin;C:\Program Files\Java\jdk-21\bin;C:\Users\FSL\AppData\Local\Python\bin;C:\Users\FSL\AppData\Roaming\npm;C:\Users\FSL\.dotnet\tools;C:\Program Files\PostgreSQL\18\bin;
USERNAME=FSL
OS=Windows_NT
PROCESSOR_IDENTIFIER=Intel64 Family 6 Model 142 Stepping 10, GenuineIntel
TMP=C:\Users\FSL\AppData\Local\Temp
TEMP=C:\Users\FSL\AppData\Local\Temp




Periodic native trim disabled

---------------  S Y S T E M  ---------------

OS:
 Windows 11 , 64 bit Build 26100 (10.0.26100.9168)
OS uptime: 4 days 11:02 hours

CPU: total 8 (initial active 8) (4 cores per cpu, 2 threads per core) family 6 model 142 stepping 10 microcode 0xf4, cx8, cmov, fxsr, ht, mmx, 3dnowpref, sse, sse2, sse3, ssse3, sse4.1, sse4.2, popcnt, lzcnt, tsc, tscinvbit, avx, avx2, aes, erms, clmul, bmi1, bmi2, adx, fma, vzeroupper, clflush, clflushopt, rdtscp, f16c
Processor Information for processor 0
  Max Mhz: 1992, Current Mhz: 1792, Mhz Limit: 1792
Processor Information for processor 1
  Max Mhz: 1992, Current Mhz: 1494, Mhz Limit: 1792
Processor Information for processor 2
  Max Mhz: 1992, Current Mhz: 1792, Mhz Limit: 1792
Processor Information for processor 3
  Max Mhz: 1992, Current Mhz: 1792, Mhz Limit: 1792
Processor Information for processor 4
  Max Mhz: 1992, Current Mhz: 1494, Mhz Limit: 1792
Processor Information for processor 5
  Max Mhz: 1992, Current Mhz: 1494, Mhz Limit: 1792
Processor Information for processor 6
  Max Mhz: 1992, Current Mhz: 1494, Mhz Limit: 1792
Processor Information for processor 7
  Max Mhz: 1992, Current Mhz: 1494, Mhz Limit: 1792

Memory: 4k page, system-wide physical 8051M (91M free)
TotalPageFile size 17157M (AvailPageFile size 84M)
current process WorkingSet (physical memory assigned to process): 82M, peak: 258M
current process commit charge ("private bytes"): 342M, peak: 462M

vm_info: Java HotSpot(TM) 64-Bit Server VM (21.0.11+9-LTS-211) for windows-amd64 JRE (21.0.11+9-LTS-211), built on 2026-03-11T00:23:15Z by "mach5run" with MS VC++ 17.13 (VS2022)

END.
